ERROR - 2025-10-12 22:18:34 --> Error connecting to the database: mysqli_sql_exception: Access denied for user 'nplanet_coke'@'localhost' (using password: YES) in /home/nplanet/crm.nplanet.cl/system/Database/MySQLi/Connection.php:174
Stack trace:
#0 /home/nplanet/crm.nplanet.cl/system/Database/MySQLi/Connection.php(174): mysqli->real_connect()
#1 /home/nplanet/crm.nplanet.cl/system/Database/BaseConnection.php(391): CodeIgniter\Database\MySQLi\Connection->connect()
#2 /home/nplanet/crm.nplanet.cl/system/Database/BaseConnection.php(574): CodeIgniter\Database\BaseConnection->initialize()
#3 /home/nplanet/crm.nplanet.cl/app/Models/Crud_model.php(28): CodeIgniter\Database\BaseConnection->query()
#4 /home/nplanet/crm.nplanet.cl/app/Models/Settings_model.php(11): App\Models\Crud_model->__construct()
#5 /home/nplanet/crm.nplanet.cl/system/Config/Factories.php(113): App\Models\Settings_model->__construct()
#6 /home/nplanet/crm.nplanet.cl/system/Common.php(825): CodeIgniter\Config\Factories::__callStatic()
#7 /home/nplanet/crm.nplanet.cl/app/Controllers/App_Controller.php(99): model()
#8 /home/nplanet/crm.nplanet.cl/app/Controllers/Security_Controller.php(17): App\Controllers\App_Controller->__construct()
#9 /home/nplanet/crm.nplanet.cl/app/Controllers/Dashboard.php(11): App\Controllers\Security_Controller->__construct()
#10 /home/nplanet/crm.nplanet.cl/system/CodeIgniter.php(904): App\Controllers\Dashboard->__construct()
#11 /home/nplanet/crm.nplanet.cl/system/CodeIgniter.php(488): CodeIgniter\CodeIgniter->createController()
#12 /home/nplanet/crm.nplanet.cl/system/CodeIgniter.php(366): CodeIgniter\CodeIgniter->handleRequest()
#13 /home/nplanet/crm.nplanet.cl/index.php(80): CodeIgniter\CodeIgniter->run()
#14 {main}

Next CodeIgniter\Database\Exceptions\DatabaseException: Access denied for user '****'@'localhost' (using password: YES) in /home/nplanet/crm.nplanet.cl/system/Database/MySQLi/Connection.php:218
Stack trace:
#0 /home/nplanet/crm.nplanet.cl/system/Database/BaseConnection.php(391): CodeIgniter\Database\MySQLi\Connection->connect()
#1 /home/nplanet/crm.nplanet.cl/system/Database/BaseConnection.php(574): CodeIgniter\Database\BaseConnection->initialize()
#2 /home/nplanet/crm.nplanet.cl/app/Models/Crud_model.php(28): CodeIgniter\Database\BaseConnection->query()
#3 /home/nplanet/crm.nplanet.cl/app/Models/Settings_model.php(11): App\Models\Crud_model->__construct()
#4 /home/nplanet/crm.nplanet.cl/system/Config/Factories.php(113): App\Models\Settings_model->__construct()
#5 /home/nplanet/crm.nplanet.cl/system/Common.php(825): CodeIgniter\Config\Factories::__callStatic()
#6 /home/nplanet/crm.nplanet.cl/app/Controllers/App_Controller.php(99): model()
#7 /home/nplanet/crm.nplanet.cl/app/Controllers/Security_Controller.php(17): App\Controllers\App_Controller->__construct()
#8 /home/nplanet/crm.nplanet.cl/app/Controllers/Dashboard.php(11): App\Controllers\Security_Controller->__construct()
#9 /home/nplanet/crm.nplanet.cl/system/CodeIgniter.php(904): App\Controllers\Dashboard->__construct()
#10 /home/nplanet/crm.nplanet.cl/system/CodeIgniter.php(488): CodeIgniter\CodeIgniter->createController()
#11 /home/nplanet/crm.nplanet.cl/system/CodeIgniter.php(366): CodeIgniter\CodeIgniter->handleRequest()
#12 /home/nplanet/crm.nplanet.cl/index.php(80): CodeIgniter\CodeIgniter->run()
#13 {main}
CRITICAL - 2025-10-12 22:18:34 --> Unable to connect to the database.
Main connection [MySQLi]: Access denied for user '****'@'localhost' (using password: YES)
in SYSTEMPATH/Database/BaseConnection.php on line 427.
 1 SYSTEMPATH/Database/BaseConnection.php(574): CodeIgniter\Database\BaseConnection->initialize()
 2 APPPATH/Models/Crud_model.php(28): CodeIgniter\Database\BaseConnection->query()
 3 APPPATH/Models/Settings_model.php(11): App\Models\Crud_model->__construct()
 4 SYSTEMPATH/Config/Factories.php(113): App\Models\Settings_model->__construct()
 5 SYSTEMPATH/Common.php(825): CodeIgniter\Config\Factories::__callStatic()
 6 APPPATH/Controllers/App_Controller.php(99): model()
 7 APPPATH/Controllers/Security_Controller.php(17): App\Controllers\App_Controller->__construct()
 8 APPPATH/Controllers/Dashboard.php(11): App\Controllers\Security_Controller->__construct()
 9 SYSTEMPATH/CodeIgniter.php(904): App\Controllers\Dashboard->__construct()
10 SYSTEMPATH/CodeIgniter.php(488): CodeIgniter\CodeIgniter->createController()
11 SYSTEMPATH/CodeIgniter.php(366): CodeIgniter\CodeIgniter->handleRequest()
12 FCPATH/index.php(80): CodeIgniter\CodeIgniter->run()
ERROR - 2025-10-12 22:21:37 --> Error connecting to the database: mysqli_sql_exception: Access denied for user 'nplanet_coke'@'localhost' (using password: YES) in /home/nplanet/crm.nplanet.cl/system/Database/MySQLi/Connection.php:174
Stack trace:
#0 /home/nplanet/crm.nplanet.cl/system/Database/MySQLi/Connection.php(174): mysqli->real_connect()
#1 /home/nplanet/crm.nplanet.cl/system/Database/BaseConnection.php(391): CodeIgniter\Database\MySQLi\Connection->connect()
#2 /home/nplanet/crm.nplanet.cl/system/Database/BaseConnection.php(574): CodeIgniter\Database\BaseConnection->initialize()
#3 /home/nplanet/crm.nplanet.cl/app/Models/Crud_model.php(28): CodeIgniter\Database\BaseConnection->query()
#4 /home/nplanet/crm.nplanet.cl/app/Models/Settings_model.php(11): App\Models\Crud_model->__construct()
#5 /home/nplanet/crm.nplanet.cl/system/Config/Factories.php(113): App\Models\Settings_model->__construct()
#6 /home/nplanet/crm.nplanet.cl/system/Common.php(825): CodeIgniter\Config\Factories::__callStatic()
#7 /home/nplanet/crm.nplanet.cl/app/Controllers/App_Controller.php(99): model()
#8 /home/nplanet/crm.nplanet.cl/app/Controllers/Security_Controller.php(17): App\Controllers\App_Controller->__construct()
#9 /home/nplanet/crm.nplanet.cl/app/Controllers/Dashboard.php(11): App\Controllers\Security_Controller->__construct()
#10 /home/nplanet/crm.nplanet.cl/system/CodeIgniter.php(904): App\Controllers\Dashboard->__construct()
#11 /home/nplanet/crm.nplanet.cl/system/CodeIgniter.php(488): CodeIgniter\CodeIgniter->createController()
#12 /home/nplanet/crm.nplanet.cl/system/CodeIgniter.php(366): CodeIgniter\CodeIgniter->handleRequest()
#13 /home/nplanet/crm.nplanet.cl/index.php(80): CodeIgniter\CodeIgniter->run()
#14 {main}

Next CodeIgniter\Database\Exceptions\DatabaseException: Access denied for user '****'@'localhost' (using password: YES) in /home/nplanet/crm.nplanet.cl/system/Database/MySQLi/Connection.php:218
Stack trace:
#0 /home/nplanet/crm.nplanet.cl/system/Database/BaseConnection.php(391): CodeIgniter\Database\MySQLi\Connection->connect()
#1 /home/nplanet/crm.nplanet.cl/system/Database/BaseConnection.php(574): CodeIgniter\Database\BaseConnection->initialize()
#2 /home/nplanet/crm.nplanet.cl/app/Models/Crud_model.php(28): CodeIgniter\Database\BaseConnection->query()
#3 /home/nplanet/crm.nplanet.cl/app/Models/Settings_model.php(11): App\Models\Crud_model->__construct()
#4 /home/nplanet/crm.nplanet.cl/system/Config/Factories.php(113): App\Models\Settings_model->__construct()
#5 /home/nplanet/crm.nplanet.cl/system/Common.php(825): CodeIgniter\Config\Factories::__callStatic()
#6 /home/nplanet/crm.nplanet.cl/app/Controllers/App_Controller.php(99): model()
#7 /home/nplanet/crm.nplanet.cl/app/Controllers/Security_Controller.php(17): App\Controllers\App_Controller->__construct()
#8 /home/nplanet/crm.nplanet.cl/app/Controllers/Dashboard.php(11): App\Controllers\Security_Controller->__construct()
#9 /home/nplanet/crm.nplanet.cl/system/CodeIgniter.php(904): App\Controllers\Dashboard->__construct()
#10 /home/nplanet/crm.nplanet.cl/system/CodeIgniter.php(488): CodeIgniter\CodeIgniter->createController()
#11 /home/nplanet/crm.nplanet.cl/system/CodeIgniter.php(366): CodeIgniter\CodeIgniter->handleRequest()
#12 /home/nplanet/crm.nplanet.cl/index.php(80): CodeIgniter\CodeIgniter->run()
#13 {main}
CRITICAL - 2025-10-12 22:21:37 --> Unable to connect to the database.
Main connection [MySQLi]: Access denied for user '****'@'localhost' (using password: YES)
in SYSTEMPATH/Database/BaseConnection.php on line 427.
 1 SYSTEMPATH/Database/BaseConnection.php(574): CodeIgniter\Database\BaseConnection->initialize()
 2 APPPATH/Models/Crud_model.php(28): CodeIgniter\Database\BaseConnection->query()
 3 APPPATH/Models/Settings_model.php(11): App\Models\Crud_model->__construct()
 4 SYSTEMPATH/Config/Factories.php(113): App\Models\Settings_model->__construct()
 5 SYSTEMPATH/Common.php(825): CodeIgniter\Config\Factories::__callStatic()
 6 APPPATH/Controllers/App_Controller.php(99): model()
 7 APPPATH/Controllers/Security_Controller.php(17): App\Controllers\App_Controller->__construct()
 8 APPPATH/Controllers/Dashboard.php(11): App\Controllers\Security_Controller->__construct()
 9 SYSTEMPATH/CodeIgniter.php(904): App\Controllers\Dashboard->__construct()
10 SYSTEMPATH/CodeIgniter.php(488): CodeIgniter\CodeIgniter->createController()
11 SYSTEMPATH/CodeIgniter.php(366): CodeIgniter\CodeIgniter->handleRequest()
12 FCPATH/index.php(80): CodeIgniter\CodeIgniter->run()
ERROR - 2025-10-12 22:39:53 --> Error connecting to the database: mysqli_sql_exception: Access denied for user 'nplanet_coke'@'localhost' (using password: YES) in /home/nplanet/crm.nplanet.cl/system/Database/MySQLi/Connection.php:174
Stack trace:
#0 /home/nplanet/crm.nplanet.cl/system/Database/MySQLi/Connection.php(174): mysqli->real_connect()
#1 /home/nplanet/crm.nplanet.cl/system/Database/BaseConnection.php(391): CodeIgniter\Database\MySQLi\Connection->connect()
#2 /home/nplanet/crm.nplanet.cl/system/Database/BaseConnection.php(574): CodeIgniter\Database\BaseConnection->initialize()
#3 /home/nplanet/crm.nplanet.cl/app/Models/Crud_model.php(28): CodeIgniter\Database\BaseConnection->query()
#4 /home/nplanet/crm.nplanet.cl/app/Models/Settings_model.php(11): App\Models\Crud_model->__construct()
#5 /home/nplanet/crm.nplanet.cl/system/Config/Factories.php(113): App\Models\Settings_model->__construct()
#6 /home/nplanet/crm.nplanet.cl/system/Common.php(825): CodeIgniter\Config\Factories::__callStatic()
#7 /home/nplanet/crm.nplanet.cl/app/Controllers/App_Controller.php(99): model()
#8 /home/nplanet/crm.nplanet.cl/app/Controllers/Security_Controller.php(17): App\Controllers\App_Controller->__construct()
#9 /home/nplanet/crm.nplanet.cl/app/Controllers/Dashboard.php(11): App\Controllers\Security_Controller->__construct()
#10 /home/nplanet/crm.nplanet.cl/system/CodeIgniter.php(904): App\Controllers\Dashboard->__construct()
#11 /home/nplanet/crm.nplanet.cl/system/CodeIgniter.php(488): CodeIgniter\CodeIgniter->createController()
#12 /home/nplanet/crm.nplanet.cl/system/CodeIgniter.php(366): CodeIgniter\CodeIgniter->handleRequest()
#13 /home/nplanet/crm.nplanet.cl/index.php(80): CodeIgniter\CodeIgniter->run()
#14 {main}

Next CodeIgniter\Database\Exceptions\DatabaseException: Access denied for user '****'@'localhost' (using password: YES) in /home/nplanet/crm.nplanet.cl/system/Database/MySQLi/Connection.php:218
Stack trace:
#0 /home/nplanet/crm.nplanet.cl/system/Database/BaseConnection.php(391): CodeIgniter\Database\MySQLi\Connection->connect()
#1 /home/nplanet/crm.nplanet.cl/system/Database/BaseConnection.php(574): CodeIgniter\Database\BaseConnection->initialize()
#2 /home/nplanet/crm.nplanet.cl/app/Models/Crud_model.php(28): CodeIgniter\Database\BaseConnection->query()
#3 /home/nplanet/crm.nplanet.cl/app/Models/Settings_model.php(11): App\Models\Crud_model->__construct()
#4 /home/nplanet/crm.nplanet.cl/system/Config/Factories.php(113): App\Models\Settings_model->__construct()
#5 /home/nplanet/crm.nplanet.cl/system/Common.php(825): CodeIgniter\Config\Factories::__callStatic()
#6 /home/nplanet/crm.nplanet.cl/app/Controllers/App_Controller.php(99): model()
#7 /home/nplanet/crm.nplanet.cl/app/Controllers/Security_Controller.php(17): App\Controllers\App_Controller->__construct()
#8 /home/nplanet/crm.nplanet.cl/app/Controllers/Dashboard.php(11): App\Controllers\Security_Controller->__construct()
#9 /home/nplanet/crm.nplanet.cl/system/CodeIgniter.php(904): App\Controllers\Dashboard->__construct()
#10 /home/nplanet/crm.nplanet.cl/system/CodeIgniter.php(488): CodeIgniter\CodeIgniter->createController()
#11 /home/nplanet/crm.nplanet.cl/system/CodeIgniter.php(366): CodeIgniter\CodeIgniter->handleRequest()
#12 /home/nplanet/crm.nplanet.cl/index.php(80): CodeIgniter\CodeIgniter->run()
#13 {main}
CRITICAL - 2025-10-12 22:39:53 --> Unable to connect to the database.
Main connection [MySQLi]: Access denied for user '****'@'localhost' (using password: YES)
in SYSTEMPATH/Database/BaseConnection.php on line 427.
 1 SYSTEMPATH/Database/BaseConnection.php(574): CodeIgniter\Database\BaseConnection->initialize()
 2 APPPATH/Models/Crud_model.php(28): CodeIgniter\Database\BaseConnection->query()
 3 APPPATH/Models/Settings_model.php(11): App\Models\Crud_model->__construct()
 4 SYSTEMPATH/Config/Factories.php(113): App\Models\Settings_model->__construct()
 5 SYSTEMPATH/Common.php(825): CodeIgniter\Config\Factories::__callStatic()
 6 APPPATH/Controllers/App_Controller.php(99): model()
 7 APPPATH/Controllers/Security_Controller.php(17): App\Controllers\App_Controller->__construct()
 8 APPPATH/Controllers/Dashboard.php(11): App\Controllers\Security_Controller->__construct()
 9 SYSTEMPATH/CodeIgniter.php(904): App\Controllers\Dashboard->__construct()
10 SYSTEMPATH/CodeIgniter.php(488): CodeIgniter\CodeIgniter->createController()
11 SYSTEMPATH/CodeIgniter.php(366): CodeIgniter\CodeIgniter->handleRequest()
12 FCPATH/index.php(80): CodeIgniter\CodeIgniter->run()
