ERROR - 2026-04-08 17:52:20 --> Error connecting to the database: mysqli_sql_exception: Se produjo un error durante el intento de conexión ya que la parte conectada no respondió adecuadamente tras un periodo de tiempo, o bien se produjo un error en la conexión establecida ya que el host conectado no ha podido responder in C:\laragon\www\crm\system\Database\MySQLi\Connection.php:173
Stack trace:
#0 C:\laragon\www\crm\system\Database\MySQLi\Connection.php(173): mysqli->real_connect('152.53.192.92', 'nplanet_coke', Object(SensitiveParameterValue), 'nplanet_crm', 3306, '', 0)
#1 C:\laragon\www\crm\system\Database\BaseConnection.php(391): CodeIgniter\Database\MySQLi\Connection->connect(false)
#2 C:\laragon\www\crm\system\Database\BaseConnection.php(574): CodeIgniter\Database\BaseConnection->initialize()
#3 C:\laragon\www\crm\app\Models\Crud_model.php(28): CodeIgniter\Database\BaseConnection->query('SET sql_mode = ...')
#4 C:\laragon\www\crm\app\Models\Settings_model.php(11): App\Models\Crud_model->__construct('settings')
#5 C:\laragon\www\crm\system\Config\Factories.php(113): App\Models\Settings_model->__construct(NULL)
#6 C:\laragon\www\crm\system\Common.php(825): CodeIgniter\Config\Factories::__callStatic('models', Array)
#7 C:\laragon\www\crm\app\Controllers\App_Controller.php(99): model('App\\Models\\Sett...')
#8 C:\laragon\www\crm\app\Controllers\Signin.php(10): App\Controllers\App_Controller->__construct()
#9 C:\laragon\www\crm\system\CodeIgniter.php(904): App\Controllers\Signin->__construct()
#10 C:\laragon\www\crm\system\CodeIgniter.php(488): CodeIgniter\CodeIgniter->createController()
#11 C:\laragon\www\crm\system\CodeIgniter.php(366): CodeIgniter\CodeIgniter->handleRequest(NULL, Object(Config\Cache), false)
#12 C:\laragon\www\crm\index.php(80): CodeIgniter\CodeIgniter->run()
#13 {main}

Next CodeIgniter\Database\Exceptions\DatabaseException: Se produjo un error durante el intento de conexión ya que la parte conectada no respondió adecuadamente tras un periodo de tiempo, o bien se produjo un error en la conexión establecida ya que el host conectado no ha podido responder in C:\laragon\www\crm\system\Database\MySQLi\Connection.php:218
Stack trace:
#0 C:\laragon\www\crm\system\Database\BaseConnection.php(391): CodeIgniter\Database\MySQLi\Connection->connect(false)
#1 C:\laragon\www\crm\system\Database\BaseConnection.php(574): CodeIgniter\Database\BaseConnection->initialize()
#2 C:\laragon\www\crm\app\Models\Crud_model.php(28): CodeIgniter\Database\BaseConnection->query('SET sql_mode = ...')
#3 C:\laragon\www\crm\app\Models\Settings_model.php(11): App\Models\Crud_model->__construct('settings')
#4 C:\laragon\www\crm\system\Config\Factories.php(113): App\Models\Settings_model->__construct(NULL)
#5 C:\laragon\www\crm\system\Common.php(825): CodeIgniter\Config\Factories::__callStatic('models', Array)
#6 C:\laragon\www\crm\app\Controllers\App_Controller.php(99): model('App\\Models\\Sett...')
#7 C:\laragon\www\crm\app\Controllers\Signin.php(10): App\Controllers\App_Controller->__construct()
#8 C:\laragon\www\crm\system\CodeIgniter.php(904): App\Controllers\Signin->__construct()
#9 C:\laragon\www\crm\system\CodeIgniter.php(488): CodeIgniter\CodeIgniter->createController()
#10 C:\laragon\www\crm\system\CodeIgniter.php(366): CodeIgniter\CodeIgniter->handleRequest(NULL, Object(Config\Cache), false)
#11 C:\laragon\www\crm\index.php(80): CodeIgniter\CodeIgniter->run()
#12 {main}
CRITICAL - 2026-04-08 17:52:20 --> Unable to connect to the database.
Main connection [MySQLi]: Se produjo un error durante el intento de conexión ya que la parte conectada no respondió adecuadamente tras un periodo de tiempo, o bien se produjo un error en la conexión establecida ya que el host conectado no ha podido responder
in SYSTEMPATH\Database\BaseConnection.php on line 427.
 1 SYSTEMPATH\Database\BaseConnection.php(574): CodeIgniter\Database\BaseConnection->initialize()
 2 APPPATH\Models\Crud_model.php(28): CodeIgniter\Database\BaseConnection->query('SET sql_mode = \'\'')
 3 APPPATH\Models\Settings_model.php(11): App\Models\Crud_model->__construct('settings')
 4 SYSTEMPATH\Config\Factories.php(113): App\Models\Settings_model->__construct(null)
 5 SYSTEMPATH\Common.php(825): CodeIgniter\Config\Factories::__callStatic('models', [...])
 6 APPPATH\Controllers\App_Controller.php(99): model('App\\Models\\Settings_model')
 7 APPPATH\Controllers\Signin.php(10): App\Controllers\App_Controller->__construct()
 8 SYSTEMPATH\CodeIgniter.php(904): App\Controllers\Signin->__construct()
 9 SYSTEMPATH\CodeIgniter.php(488): CodeIgniter\CodeIgniter->createController()
10 SYSTEMPATH\CodeIgniter.php(366): CodeIgniter\CodeIgniter->handleRequest(null, Object(Config\Cache), false)
11 FCPATH\index.php(80): CodeIgniter\CodeIgniter->run()
ERROR - 2026-04-08 17:55:03 --> Error connecting to the database: mysqli_sql_exception: Se produjo un error durante el intento de conexión ya que la parte conectada no respondió adecuadamente tras un periodo de tiempo, o bien se produjo un error en la conexión establecida ya que el host conectado no ha podido responder in C:\laragon\www\crm\system\Database\MySQLi\Connection.php:173
Stack trace:
#0 C:\laragon\www\crm\system\Database\MySQLi\Connection.php(173): mysqli->real_connect('152.53.192.92', 'nplanet_coke', Object(SensitiveParameterValue), 'nplanet_crm', 3306, '', 0)
#1 C:\laragon\www\crm\system\Database\BaseConnection.php(391): CodeIgniter\Database\MySQLi\Connection->connect(false)
#2 C:\laragon\www\crm\system\Database\BaseConnection.php(574): CodeIgniter\Database\BaseConnection->initialize()
#3 C:\laragon\www\crm\app\Models\Crud_model.php(28): CodeIgniter\Database\BaseConnection->query('SET sql_mode = ...')
#4 C:\laragon\www\crm\app\Models\Settings_model.php(11): App\Models\Crud_model->__construct('settings')
#5 C:\laragon\www\crm\system\Config\Factories.php(113): App\Models\Settings_model->__construct(NULL)
#6 C:\laragon\www\crm\system\Common.php(825): CodeIgniter\Config\Factories::__callStatic('models', Array)
#7 C:\laragon\www\crm\app\Controllers\App_Controller.php(99): model('App\\Models\\Sett...')
#8 C:\laragon\www\crm\app\Controllers\Security_Controller.php(17): App\Controllers\App_Controller->__construct()
#9 C:\laragon\www\crm\app\Controllers\Dashboard.php(11): App\Controllers\Security_Controller->__construct()
#10 C:\laragon\www\crm\system\CodeIgniter.php(904): App\Controllers\Dashboard->__construct()
#11 C:\laragon\www\crm\system\CodeIgniter.php(488): CodeIgniter\CodeIgniter->createController()
#12 C:\laragon\www\crm\system\CodeIgniter.php(366): CodeIgniter\CodeIgniter->handleRequest(NULL, Object(Config\Cache), false)
#13 C:\laragon\www\crm\index.php(80): CodeIgniter\CodeIgniter->run()
#14 {main}

Next CodeIgniter\Database\Exceptions\DatabaseException: Se produjo un error durante el intento de conexión ya que la parte conectada no respondió adecuadamente tras un periodo de tiempo, o bien se produjo un error en la conexión establecida ya que el host conectado no ha podido responder in C:\laragon\www\crm\system\Database\MySQLi\Connection.php:218
Stack trace:
#0 C:\laragon\www\crm\system\Database\BaseConnection.php(391): CodeIgniter\Database\MySQLi\Connection->connect(false)
#1 C:\laragon\www\crm\system\Database\BaseConnection.php(574): CodeIgniter\Database\BaseConnection->initialize()
#2 C:\laragon\www\crm\app\Models\Crud_model.php(28): CodeIgniter\Database\BaseConnection->query('SET sql_mode = ...')
#3 C:\laragon\www\crm\app\Models\Settings_model.php(11): App\Models\Crud_model->__construct('settings')
#4 C:\laragon\www\crm\system\Config\Factories.php(113): App\Models\Settings_model->__construct(NULL)
#5 C:\laragon\www\crm\system\Common.php(825): CodeIgniter\Config\Factories::__callStatic('models', Array)
#6 C:\laragon\www\crm\app\Controllers\App_Controller.php(99): model('App\\Models\\Sett...')
#7 C:\laragon\www\crm\app\Controllers\Security_Controller.php(17): App\Controllers\App_Controller->__construct()
#8 C:\laragon\www\crm\app\Controllers\Dashboard.php(11): App\Controllers\Security_Controller->__construct()
#9 C:\laragon\www\crm\system\CodeIgniter.php(904): App\Controllers\Dashboard->__construct()
#10 C:\laragon\www\crm\system\CodeIgniter.php(488): CodeIgniter\CodeIgniter->createController()
#11 C:\laragon\www\crm\system\CodeIgniter.php(366): CodeIgniter\CodeIgniter->handleRequest(NULL, Object(Config\Cache), false)
#12 C:\laragon\www\crm\index.php(80): CodeIgniter\CodeIgniter->run()
#13 {main}
CRITICAL - 2026-04-08 17:55:03 --> Unable to connect to the database.
Main connection [MySQLi]: Se produjo un error durante el intento de conexión ya que la parte conectada no respondió adecuadamente tras un periodo de tiempo, o bien se produjo un error en la conexión establecida ya que el host conectado no ha podido responder
in SYSTEMPATH\Database\BaseConnection.php on line 427.
 1 SYSTEMPATH\Database\BaseConnection.php(574): CodeIgniter\Database\BaseConnection->initialize()
 2 APPPATH\Models\Crud_model.php(28): CodeIgniter\Database\BaseConnection->query('SET sql_mode = \'\'')
 3 APPPATH\Models\Settings_model.php(11): App\Models\Crud_model->__construct('settings')
 4 SYSTEMPATH\Config\Factories.php(113): App\Models\Settings_model->__construct(null)
 5 SYSTEMPATH\Common.php(825): CodeIgniter\Config\Factories::__callStatic('models', [...])
 6 APPPATH\Controllers\App_Controller.php(99): model('App\\Models\\Settings_model')
 7 APPPATH\Controllers\Security_Controller.php(17): App\Controllers\App_Controller->__construct()
 8 APPPATH\Controllers\Dashboard.php(11): App\Controllers\Security_Controller->__construct()
 9 SYSTEMPATH\CodeIgniter.php(904): App\Controllers\Dashboard->__construct()
10 SYSTEMPATH\CodeIgniter.php(488): CodeIgniter\CodeIgniter->createController()
11 SYSTEMPATH\CodeIgniter.php(366): CodeIgniter\CodeIgniter->handleRequest(null, Object(Config\Cache), false)
12 FCPATH\index.php(80): CodeIgniter\CodeIgniter->run()
ERROR - 2026-04-08 17:55:45 --> Error connecting to the database: mysqli_sql_exception: Se produjo un error durante el intento de conexión ya que la parte conectada no respondió adecuadamente tras un periodo de tiempo, o bien se produjo un error en la conexión establecida ya que el host conectado no ha podido responder in C:\laragon\www\crm\system\Database\MySQLi\Connection.php:173
Stack trace:
#0 C:\laragon\www\crm\system\Database\MySQLi\Connection.php(173): mysqli->real_connect('152.53.192.92', 'nplanet_coke', Object(SensitiveParameterValue), 'nplanet_crm', 3306, '', 0)
#1 C:\laragon\www\crm\system\Database\BaseConnection.php(391): CodeIgniter\Database\MySQLi\Connection->connect(false)
#2 C:\laragon\www\crm\system\Database\BaseConnection.php(574): CodeIgniter\Database\BaseConnection->initialize()
#3 C:\laragon\www\crm\app\Models\Crud_model.php(28): CodeIgniter\Database\BaseConnection->query('SET sql_mode = ...')
#4 C:\laragon\www\crm\app\Models\Settings_model.php(11): App\Models\Crud_model->__construct('settings')
#5 C:\laragon\www\crm\system\Config\Factories.php(113): App\Models\Settings_model->__construct(NULL)
#6 C:\laragon\www\crm\system\Common.php(825): CodeIgniter\Config\Factories::__callStatic('models', Array)
#7 C:\laragon\www\crm\app\Controllers\App_Controller.php(99): model('App\\Models\\Sett...')
#8 C:\laragon\www\crm\app\Controllers\Security_Controller.php(17): App\Controllers\App_Controller->__construct()
#9 C:\laragon\www\crm\app\Controllers\Dashboard.php(11): App\Controllers\Security_Controller->__construct()
#10 C:\laragon\www\crm\system\CodeIgniter.php(904): App\Controllers\Dashboard->__construct()
#11 C:\laragon\www\crm\system\CodeIgniter.php(488): CodeIgniter\CodeIgniter->createController()
#12 C:\laragon\www\crm\system\CodeIgniter.php(366): CodeIgniter\CodeIgniter->handleRequest(NULL, Object(Config\Cache), false)
#13 C:\laragon\www\crm\index.php(80): CodeIgniter\CodeIgniter->run()
#14 {main}

Next CodeIgniter\Database\Exceptions\DatabaseException: Se produjo un error durante el intento de conexión ya que la parte conectada no respondió adecuadamente tras un periodo de tiempo, o bien se produjo un error en la conexión establecida ya que el host conectado no ha podido responder in C:\laragon\www\crm\system\Database\MySQLi\Connection.php:218
Stack trace:
#0 C:\laragon\www\crm\system\Database\BaseConnection.php(391): CodeIgniter\Database\MySQLi\Connection->connect(false)
#1 C:\laragon\www\crm\system\Database\BaseConnection.php(574): CodeIgniter\Database\BaseConnection->initialize()
#2 C:\laragon\www\crm\app\Models\Crud_model.php(28): CodeIgniter\Database\BaseConnection->query('SET sql_mode = ...')
#3 C:\laragon\www\crm\app\Models\Settings_model.php(11): App\Models\Crud_model->__construct('settings')
#4 C:\laragon\www\crm\system\Config\Factories.php(113): App\Models\Settings_model->__construct(NULL)
#5 C:\laragon\www\crm\system\Common.php(825): CodeIgniter\Config\Factories::__callStatic('models', Array)
#6 C:\laragon\www\crm\app\Controllers\App_Controller.php(99): model('App\\Models\\Sett...')
#7 C:\laragon\www\crm\app\Controllers\Security_Controller.php(17): App\Controllers\App_Controller->__construct()
#8 C:\laragon\www\crm\app\Controllers\Dashboard.php(11): App\Controllers\Security_Controller->__construct()
#9 C:\laragon\www\crm\system\CodeIgniter.php(904): App\Controllers\Dashboard->__construct()
#10 C:\laragon\www\crm\system\CodeIgniter.php(488): CodeIgniter\CodeIgniter->createController()
#11 C:\laragon\www\crm\system\CodeIgniter.php(366): CodeIgniter\CodeIgniter->handleRequest(NULL, Object(Config\Cache), false)
#12 C:\laragon\www\crm\index.php(80): CodeIgniter\CodeIgniter->run()
#13 {main}
CRITICAL - 2026-04-08 17:55:45 --> Unable to connect to the database.
Main connection [MySQLi]: Se produjo un error durante el intento de conexión ya que la parte conectada no respondió adecuadamente tras un periodo de tiempo, o bien se produjo un error en la conexión establecida ya que el host conectado no ha podido responder
in SYSTEMPATH\Database\BaseConnection.php on line 427.
 1 SYSTEMPATH\Database\BaseConnection.php(574): CodeIgniter\Database\BaseConnection->initialize()
 2 APPPATH\Models\Crud_model.php(28): CodeIgniter\Database\BaseConnection->query('SET sql_mode = \'\'')
 3 APPPATH\Models\Settings_model.php(11): App\Models\Crud_model->__construct('settings')
 4 SYSTEMPATH\Config\Factories.php(113): App\Models\Settings_model->__construct(null)
 5 SYSTEMPATH\Common.php(825): CodeIgniter\Config\Factories::__callStatic('models', [...])
 6 APPPATH\Controllers\App_Controller.php(99): model('App\\Models\\Settings_model')
 7 APPPATH\Controllers\Security_Controller.php(17): App\Controllers\App_Controller->__construct()
 8 APPPATH\Controllers\Dashboard.php(11): App\Controllers\Security_Controller->__construct()
 9 SYSTEMPATH\CodeIgniter.php(904): App\Controllers\Dashboard->__construct()
10 SYSTEMPATH\CodeIgniter.php(488): CodeIgniter\CodeIgniter->createController()
11 SYSTEMPATH\CodeIgniter.php(366): CodeIgniter\CodeIgniter->handleRequest(null, Object(Config\Cache), false)
12 FCPATH\index.php(80): CodeIgniter\CodeIgniter->run()
ERROR - 2026-04-08 18:02:34 --> Error connecting to the database: mysqli_sql_exception: Se produjo un error durante el intento de conexión ya que la parte conectada no respondió adecuadamente tras un periodo de tiempo, o bien se produjo un error en la conexión establecida ya que el host conectado no ha podido responder in C:\laragon\www\crm\system\Database\MySQLi\Connection.php:173
Stack trace:
#0 C:\laragon\www\crm\system\Database\MySQLi\Connection.php(173): mysqli->real_connect('152.53.192.92', 'nplanet_coke', Object(SensitiveParameterValue), 'nplanet_crm', 3306, '', 0)
#1 C:\laragon\www\crm\system\Database\BaseConnection.php(391): CodeIgniter\Database\MySQLi\Connection->connect(false)
#2 C:\laragon\www\crm\system\Database\BaseConnection.php(574): CodeIgniter\Database\BaseConnection->initialize()
#3 C:\laragon\www\crm\app\Models\Crud_model.php(28): CodeIgniter\Database\BaseConnection->query('SET sql_mode = ...')
#4 C:\laragon\www\crm\app\Models\Settings_model.php(11): App\Models\Crud_model->__construct('settings')
#5 C:\laragon\www\crm\system\Config\Factories.php(113): App\Models\Settings_model->__construct(NULL)
#6 C:\laragon\www\crm\system\Common.php(825): CodeIgniter\Config\Factories::__callStatic('models', Array)
#7 C:\laragon\www\crm\app\Controllers\App_Controller.php(99): model('App\\Models\\Sett...')
#8 C:\laragon\www\crm\app\Controllers\Security_Controller.php(17): App\Controllers\App_Controller->__construct()
#9 C:\laragon\www\crm\app\Controllers\Dashboard.php(11): App\Controllers\Security_Controller->__construct()
#10 C:\laragon\www\crm\system\CodeIgniter.php(904): App\Controllers\Dashboard->__construct()
#11 C:\laragon\www\crm\system\CodeIgniter.php(488): CodeIgniter\CodeIgniter->createController()
#12 C:\laragon\www\crm\system\CodeIgniter.php(366): CodeIgniter\CodeIgniter->handleRequest(NULL, Object(Config\Cache), false)
#13 C:\laragon\www\crm\index.php(80): CodeIgniter\CodeIgniter->run()
#14 {main}

Next CodeIgniter\Database\Exceptions\DatabaseException: Se produjo un error durante el intento de conexión ya que la parte conectada no respondió adecuadamente tras un periodo de tiempo, o bien se produjo un error en la conexión establecida ya que el host conectado no ha podido responder in C:\laragon\www\crm\system\Database\MySQLi\Connection.php:218
Stack trace:
#0 C:\laragon\www\crm\system\Database\BaseConnection.php(391): CodeIgniter\Database\MySQLi\Connection->connect(false)
#1 C:\laragon\www\crm\system\Database\BaseConnection.php(574): CodeIgniter\Database\BaseConnection->initialize()
#2 C:\laragon\www\crm\app\Models\Crud_model.php(28): CodeIgniter\Database\BaseConnection->query('SET sql_mode = ...')
#3 C:\laragon\www\crm\app\Models\Settings_model.php(11): App\Models\Crud_model->__construct('settings')
#4 C:\laragon\www\crm\system\Config\Factories.php(113): App\Models\Settings_model->__construct(NULL)
#5 C:\laragon\www\crm\system\Common.php(825): CodeIgniter\Config\Factories::__callStatic('models', Array)
#6 C:\laragon\www\crm\app\Controllers\App_Controller.php(99): model('App\\Models\\Sett...')
#7 C:\laragon\www\crm\app\Controllers\Security_Controller.php(17): App\Controllers\App_Controller->__construct()
#8 C:\laragon\www\crm\app\Controllers\Dashboard.php(11): App\Controllers\Security_Controller->__construct()
#9 C:\laragon\www\crm\system\CodeIgniter.php(904): App\Controllers\Dashboard->__construct()
#10 C:\laragon\www\crm\system\CodeIgniter.php(488): CodeIgniter\CodeIgniter->createController()
#11 C:\laragon\www\crm\system\CodeIgniter.php(366): CodeIgniter\CodeIgniter->handleRequest(NULL, Object(Config\Cache), false)
#12 C:\laragon\www\crm\index.php(80): CodeIgniter\CodeIgniter->run()
#13 {main}
CRITICAL - 2026-04-08 18:02:34 --> Unable to connect to the database.
Main connection [MySQLi]: Se produjo un error durante el intento de conexión ya que la parte conectada no respondió adecuadamente tras un periodo de tiempo, o bien se produjo un error en la conexión establecida ya que el host conectado no ha podido responder
in SYSTEMPATH\Database\BaseConnection.php on line 427.
 1 SYSTEMPATH\Database\BaseConnection.php(574): CodeIgniter\Database\BaseConnection->initialize()
 2 APPPATH\Models\Crud_model.php(28): CodeIgniter\Database\BaseConnection->query('SET sql_mode = \'\'')
 3 APPPATH\Models\Settings_model.php(11): App\Models\Crud_model->__construct('settings')
 4 SYSTEMPATH\Config\Factories.php(113): App\Models\Settings_model->__construct(null)
 5 SYSTEMPATH\Common.php(825): CodeIgniter\Config\Factories::__callStatic('models', [...])
 6 APPPATH\Controllers\App_Controller.php(99): model('App\\Models\\Settings_model')
 7 APPPATH\Controllers\Security_Controller.php(17): App\Controllers\App_Controller->__construct()
 8 APPPATH\Controllers\Dashboard.php(11): App\Controllers\Security_Controller->__construct()
 9 SYSTEMPATH\CodeIgniter.php(904): App\Controllers\Dashboard->__construct()
10 SYSTEMPATH\CodeIgniter.php(488): CodeIgniter\CodeIgniter->createController()
11 SYSTEMPATH\CodeIgniter.php(366): CodeIgniter\CodeIgniter->handleRequest(null, Object(Config\Cache), false)
12 FCPATH\index.php(80): CodeIgniter\CodeIgniter->run()
ERROR - 2026-04-08 18:03:10 --> Error connecting to the database: mysqli_sql_exception: Se produjo un error durante el intento de conexión ya que la parte conectada no respondió adecuadamente tras un periodo de tiempo, o bien se produjo un error en la conexión establecida ya que el host conectado no ha podido responder in C:\laragon\www\crm\system\Database\MySQLi\Connection.php:173
Stack trace:
#0 C:\laragon\www\crm\system\Database\MySQLi\Connection.php(173): mysqli->real_connect('152.53.192.92', 'nplanet_coke', Object(SensitiveParameterValue), 'nplanet_crm', 3306, '', 0)
#1 C:\laragon\www\crm\system\Database\BaseConnection.php(391): CodeIgniter\Database\MySQLi\Connection->connect(false)
#2 C:\laragon\www\crm\system\Database\BaseConnection.php(574): CodeIgniter\Database\BaseConnection->initialize()
#3 C:\laragon\www\crm\app\Models\Crud_model.php(28): CodeIgniter\Database\BaseConnection->query('SET sql_mode = ...')
#4 C:\laragon\www\crm\app\Models\Settings_model.php(11): App\Models\Crud_model->__construct('settings')
#5 C:\laragon\www\crm\system\Config\Factories.php(113): App\Models\Settings_model->__construct(NULL)
#6 C:\laragon\www\crm\system\Common.php(825): CodeIgniter\Config\Factories::__callStatic('models', Array)
#7 C:\laragon\www\crm\app\Controllers\App_Controller.php(99): model('App\\Models\\Sett...')
#8 C:\laragon\www\crm\app\Controllers\Security_Controller.php(17): App\Controllers\App_Controller->__construct()
#9 C:\laragon\www\crm\app\Controllers\Dashboard.php(11): App\Controllers\Security_Controller->__construct()
#10 C:\laragon\www\crm\system\CodeIgniter.php(904): App\Controllers\Dashboard->__construct()
#11 C:\laragon\www\crm\system\CodeIgniter.php(488): CodeIgniter\CodeIgniter->createController()
#12 C:\laragon\www\crm\system\CodeIgniter.php(366): CodeIgniter\CodeIgniter->handleRequest(NULL, Object(Config\Cache), false)
#13 C:\laragon\www\crm\index.php(80): CodeIgniter\CodeIgniter->run()
#14 {main}

Next CodeIgniter\Database\Exceptions\DatabaseException: Se produjo un error durante el intento de conexión ya que la parte conectada no respondió adecuadamente tras un periodo de tiempo, o bien se produjo un error en la conexión establecida ya que el host conectado no ha podido responder in C:\laragon\www\crm\system\Database\MySQLi\Connection.php:218
Stack trace:
#0 C:\laragon\www\crm\system\Database\BaseConnection.php(391): CodeIgniter\Database\MySQLi\Connection->connect(false)
#1 C:\laragon\www\crm\system\Database\BaseConnection.php(574): CodeIgniter\Database\BaseConnection->initialize()
#2 C:\laragon\www\crm\app\Models\Crud_model.php(28): CodeIgniter\Database\BaseConnection->query('SET sql_mode = ...')
#3 C:\laragon\www\crm\app\Models\Settings_model.php(11): App\Models\Crud_model->__construct('settings')
#4 C:\laragon\www\crm\system\Config\Factories.php(113): App\Models\Settings_model->__construct(NULL)
#5 C:\laragon\www\crm\system\Common.php(825): CodeIgniter\Config\Factories::__callStatic('models', Array)
#6 C:\laragon\www\crm\app\Controllers\App_Controller.php(99): model('App\\Models\\Sett...')
#7 C:\laragon\www\crm\app\Controllers\Security_Controller.php(17): App\Controllers\App_Controller->__construct()
#8 C:\laragon\www\crm\app\Controllers\Dashboard.php(11): App\Controllers\Security_Controller->__construct()
#9 C:\laragon\www\crm\system\CodeIgniter.php(904): App\Controllers\Dashboard->__construct()
#10 C:\laragon\www\crm\system\CodeIgniter.php(488): CodeIgniter\CodeIgniter->createController()
#11 C:\laragon\www\crm\system\CodeIgniter.php(366): CodeIgniter\CodeIgniter->handleRequest(NULL, Object(Config\Cache), false)
#12 C:\laragon\www\crm\index.php(80): CodeIgniter\CodeIgniter->run()
#13 {main}
CRITICAL - 2026-04-08 18:03:10 --> Unable to connect to the database.
Main connection [MySQLi]: Se produjo un error durante el intento de conexión ya que la parte conectada no respondió adecuadamente tras un periodo de tiempo, o bien se produjo un error en la conexión establecida ya que el host conectado no ha podido responder
in SYSTEMPATH\Database\BaseConnection.php on line 427.
 1 SYSTEMPATH\Database\BaseConnection.php(574): CodeIgniter\Database\BaseConnection->initialize()
 2 APPPATH\Models\Crud_model.php(28): CodeIgniter\Database\BaseConnection->query('SET sql_mode = \'\'')
 3 APPPATH\Models\Settings_model.php(11): App\Models\Crud_model->__construct('settings')
 4 SYSTEMPATH\Config\Factories.php(113): App\Models\Settings_model->__construct(null)
 5 SYSTEMPATH\Common.php(825): CodeIgniter\Config\Factories::__callStatic('models', [...])
 6 APPPATH\Controllers\App_Controller.php(99): model('App\\Models\\Settings_model')
 7 APPPATH\Controllers\Security_Controller.php(17): App\Controllers\App_Controller->__construct()
 8 APPPATH\Controllers\Dashboard.php(11): App\Controllers\Security_Controller->__construct()
 9 SYSTEMPATH\CodeIgniter.php(904): App\Controllers\Dashboard->__construct()
10 SYSTEMPATH\CodeIgniter.php(488): CodeIgniter\CodeIgniter->createController()
11 SYSTEMPATH\CodeIgniter.php(366): CodeIgniter\CodeIgniter->handleRequest(null, Object(Config\Cache), false)
12 FCPATH\index.php(80): CodeIgniter\CodeIgniter->run()
ERROR - 2026-04-08 18:04:35 --> Error connecting to the database: mysqli_sql_exception: Se produjo un error durante el intento de conexión ya que la parte conectada no respondió adecuadamente tras un periodo de tiempo, o bien se produjo un error en la conexión establecida ya que el host conectado no ha podido responder in C:\laragon\www\crm\system\Database\MySQLi\Connection.php:173
Stack trace:
#0 C:\laragon\www\crm\system\Database\MySQLi\Connection.php(173): mysqli->real_connect('152.53.192.92', 'nplanet_coke', Object(SensitiveParameterValue), 'nplanet_crm', 3306, '', 0)
#1 C:\laragon\www\crm\system\Database\BaseConnection.php(391): CodeIgniter\Database\MySQLi\Connection->connect(false)
#2 C:\laragon\www\crm\system\Database\BaseConnection.php(574): CodeIgniter\Database\BaseConnection->initialize()
#3 C:\laragon\www\crm\app\Models\Crud_model.php(28): CodeIgniter\Database\BaseConnection->query('SET sql_mode = ...')
#4 C:\laragon\www\crm\app\Models\Settings_model.php(11): App\Models\Crud_model->__construct('settings')
#5 C:\laragon\www\crm\system\Config\Factories.php(113): App\Models\Settings_model->__construct(NULL)
#6 C:\laragon\www\crm\system\Common.php(825): CodeIgniter\Config\Factories::__callStatic('models', Array)
#7 C:\laragon\www\crm\app\Controllers\App_Controller.php(99): model('App\\Models\\Sett...')
#8 C:\laragon\www\crm\app\Controllers\Security_Controller.php(17): App\Controllers\App_Controller->__construct()
#9 C:\laragon\www\crm\app\Controllers\Dashboard.php(11): App\Controllers\Security_Controller->__construct()
#10 C:\laragon\www\crm\system\CodeIgniter.php(904): App\Controllers\Dashboard->__construct()
#11 C:\laragon\www\crm\system\CodeIgniter.php(488): CodeIgniter\CodeIgniter->createController()
#12 C:\laragon\www\crm\system\CodeIgniter.php(366): CodeIgniter\CodeIgniter->handleRequest(NULL, Object(Config\Cache), false)
#13 C:\laragon\www\crm\index.php(80): CodeIgniter\CodeIgniter->run()
#14 {main}

Next CodeIgniter\Database\Exceptions\DatabaseException: Se produjo un error durante el intento de conexión ya que la parte conectada no respondió adecuadamente tras un periodo de tiempo, o bien se produjo un error en la conexión establecida ya que el host conectado no ha podido responder in C:\laragon\www\crm\system\Database\MySQLi\Connection.php:218
Stack trace:
#0 C:\laragon\www\crm\system\Database\BaseConnection.php(391): CodeIgniter\Database\MySQLi\Connection->connect(false)
#1 C:\laragon\www\crm\system\Database\BaseConnection.php(574): CodeIgniter\Database\BaseConnection->initialize()
#2 C:\laragon\www\crm\app\Models\Crud_model.php(28): CodeIgniter\Database\BaseConnection->query('SET sql_mode = ...')
#3 C:\laragon\www\crm\app\Models\Settings_model.php(11): App\Models\Crud_model->__construct('settings')
#4 C:\laragon\www\crm\system\Config\Factories.php(113): App\Models\Settings_model->__construct(NULL)
#5 C:\laragon\www\crm\system\Common.php(825): CodeIgniter\Config\Factories::__callStatic('models', Array)
#6 C:\laragon\www\crm\app\Controllers\App_Controller.php(99): model('App\\Models\\Sett...')
#7 C:\laragon\www\crm\app\Controllers\Security_Controller.php(17): App\Controllers\App_Controller->__construct()
#8 C:\laragon\www\crm\app\Controllers\Dashboard.php(11): App\Controllers\Security_Controller->__construct()
#9 C:\laragon\www\crm\system\CodeIgniter.php(904): App\Controllers\Dashboard->__construct()
#10 C:\laragon\www\crm\system\CodeIgniter.php(488): CodeIgniter\CodeIgniter->createController()
#11 C:\laragon\www\crm\system\CodeIgniter.php(366): CodeIgniter\CodeIgniter->handleRequest(NULL, Object(Config\Cache), false)
#12 C:\laragon\www\crm\index.php(80): CodeIgniter\CodeIgniter->run()
#13 {main}
CRITICAL - 2026-04-08 18:04:35 --> Unable to connect to the database.
Main connection [MySQLi]: Se produjo un error durante el intento de conexión ya que la parte conectada no respondió adecuadamente tras un periodo de tiempo, o bien se produjo un error en la conexión establecida ya que el host conectado no ha podido responder
in SYSTEMPATH\Database\BaseConnection.php on line 427.
 1 SYSTEMPATH\Database\BaseConnection.php(574): CodeIgniter\Database\BaseConnection->initialize()
 2 APPPATH\Models\Crud_model.php(28): CodeIgniter\Database\BaseConnection->query('SET sql_mode = \'\'')
 3 APPPATH\Models\Settings_model.php(11): App\Models\Crud_model->__construct('settings')
 4 SYSTEMPATH\Config\Factories.php(113): App\Models\Settings_model->__construct(null)
 5 SYSTEMPATH\Common.php(825): CodeIgniter\Config\Factories::__callStatic('models', [...])
 6 APPPATH\Controllers\App_Controller.php(99): model('App\\Models\\Settings_model')
 7 APPPATH\Controllers\Security_Controller.php(17): App\Controllers\App_Controller->__construct()
 8 APPPATH\Controllers\Dashboard.php(11): App\Controllers\Security_Controller->__construct()
 9 SYSTEMPATH\CodeIgniter.php(904): App\Controllers\Dashboard->__construct()
10 SYSTEMPATH\CodeIgniter.php(488): CodeIgniter\CodeIgniter->createController()
11 SYSTEMPATH\CodeIgniter.php(366): CodeIgniter\CodeIgniter->handleRequest(null, Object(Config\Cache), false)
12 FCPATH\index.php(80): CodeIgniter\CodeIgniter->run()
ERROR - 2026-04-08 18:04:50 --> Error connecting to the database: mysqli_sql_exception: Se produjo un error durante el intento de conexión ya que la parte conectada no respondió adecuadamente tras un periodo de tiempo, o bien se produjo un error en la conexión establecida ya que el host conectado no ha podido responder in C:\laragon\www\crm\system\Database\MySQLi\Connection.php:173
Stack trace:
#0 C:\laragon\www\crm\system\Database\MySQLi\Connection.php(173): mysqli->real_connect('152.53.192.92', 'nplanet_coke', Object(SensitiveParameterValue), 'nplanet_crm', 3306, '', 0)
#1 C:\laragon\www\crm\system\Database\BaseConnection.php(391): CodeIgniter\Database\MySQLi\Connection->connect(false)
#2 C:\laragon\www\crm\system\Database\BaseConnection.php(574): CodeIgniter\Database\BaseConnection->initialize()
#3 C:\laragon\www\crm\app\Models\Crud_model.php(28): CodeIgniter\Database\BaseConnection->query('SET sql_mode = ...')
#4 C:\laragon\www\crm\app\Models\Settings_model.php(11): App\Models\Crud_model->__construct('settings')
#5 C:\laragon\www\crm\system\Config\Factories.php(113): App\Models\Settings_model->__construct(NULL)
#6 C:\laragon\www\crm\system\Common.php(825): CodeIgniter\Config\Factories::__callStatic('models', Array)
#7 C:\laragon\www\crm\app\Controllers\App_Controller.php(99): model('App\\Models\\Sett...')
#8 C:\laragon\www\crm\app\Controllers\Security_Controller.php(17): App\Controllers\App_Controller->__construct()
#9 C:\laragon\www\crm\app\Controllers\Dashboard.php(11): App\Controllers\Security_Controller->__construct()
#10 C:\laragon\www\crm\system\CodeIgniter.php(904): App\Controllers\Dashboard->__construct()
#11 C:\laragon\www\crm\system\CodeIgniter.php(488): CodeIgniter\CodeIgniter->createController()
#12 C:\laragon\www\crm\system\CodeIgniter.php(366): CodeIgniter\CodeIgniter->handleRequest(NULL, Object(Config\Cache), false)
#13 C:\laragon\www\crm\index.php(80): CodeIgniter\CodeIgniter->run()
#14 {main}

Next CodeIgniter\Database\Exceptions\DatabaseException: Se produjo un error durante el intento de conexión ya que la parte conectada no respondió adecuadamente tras un periodo de tiempo, o bien se produjo un error en la conexión establecida ya que el host conectado no ha podido responder in C:\laragon\www\crm\system\Database\MySQLi\Connection.php:218
Stack trace:
#0 C:\laragon\www\crm\system\Database\BaseConnection.php(391): CodeIgniter\Database\MySQLi\Connection->connect(false)
#1 C:\laragon\www\crm\system\Database\BaseConnection.php(574): CodeIgniter\Database\BaseConnection->initialize()
#2 C:\laragon\www\crm\app\Models\Crud_model.php(28): CodeIgniter\Database\BaseConnection->query('SET sql_mode = ...')
#3 C:\laragon\www\crm\app\Models\Settings_model.php(11): App\Models\Crud_model->__construct('settings')
#4 C:\laragon\www\crm\system\Config\Factories.php(113): App\Models\Settings_model->__construct(NULL)
#5 C:\laragon\www\crm\system\Common.php(825): CodeIgniter\Config\Factories::__callStatic('models', Array)
#6 C:\laragon\www\crm\app\Controllers\App_Controller.php(99): model('App\\Models\\Sett...')
#7 C:\laragon\www\crm\app\Controllers\Security_Controller.php(17): App\Controllers\App_Controller->__construct()
#8 C:\laragon\www\crm\app\Controllers\Dashboard.php(11): App\Controllers\Security_Controller->__construct()
#9 C:\laragon\www\crm\system\CodeIgniter.php(904): App\Controllers\Dashboard->__construct()
#10 C:\laragon\www\crm\system\CodeIgniter.php(488): CodeIgniter\CodeIgniter->createController()
#11 C:\laragon\www\crm\system\CodeIgniter.php(366): CodeIgniter\CodeIgniter->handleRequest(NULL, Object(Config\Cache), false)
#12 C:\laragon\www\crm\index.php(80): CodeIgniter\CodeIgniter->run()
#13 {main}
CRITICAL - 2026-04-08 18:04:50 --> Unable to connect to the database.
Main connection [MySQLi]: Se produjo un error durante el intento de conexión ya que la parte conectada no respondió adecuadamente tras un periodo de tiempo, o bien se produjo un error en la conexión establecida ya que el host conectado no ha podido responder
in SYSTEMPATH\Database\BaseConnection.php on line 427.
 1 SYSTEMPATH\Database\BaseConnection.php(574): CodeIgniter\Database\BaseConnection->initialize()
 2 APPPATH\Models\Crud_model.php(28): CodeIgniter\Database\BaseConnection->query('SET sql_mode = \'\'')
 3 APPPATH\Models\Settings_model.php(11): App\Models\Crud_model->__construct('settings')
 4 SYSTEMPATH\Config\Factories.php(113): App\Models\Settings_model->__construct(null)
 5 SYSTEMPATH\Common.php(825): CodeIgniter\Config\Factories::__callStatic('models', [...])
 6 APPPATH\Controllers\App_Controller.php(99): model('App\\Models\\Settings_model')
 7 APPPATH\Controllers\Security_Controller.php(17): App\Controllers\App_Controller->__construct()
 8 APPPATH\Controllers\Dashboard.php(11): App\Controllers\Security_Controller->__construct()
 9 SYSTEMPATH\CodeIgniter.php(904): App\Controllers\Dashboard->__construct()
10 SYSTEMPATH\CodeIgniter.php(488): CodeIgniter\CodeIgniter->createController()
11 SYSTEMPATH\CodeIgniter.php(366): CodeIgniter\CodeIgniter->handleRequest(null, Object(Config\Cache), false)
12 FCPATH\index.php(80): CodeIgniter\CodeIgniter->run()
ERROR - 2026-04-08 18:05:45 --> Error connecting to the database: mysqli_sql_exception: Se produjo un error durante el intento de conexión ya que la parte conectada no respondió adecuadamente tras un periodo de tiempo, o bien se produjo un error en la conexión establecida ya que el host conectado no ha podido responder in C:\laragon\www\crm\system\Database\MySQLi\Connection.php:173
Stack trace:
#0 C:\laragon\www\crm\system\Database\MySQLi\Connection.php(173): mysqli->real_connect('152.53.192.92', 'nplanet_coke', Object(SensitiveParameterValue), 'nplanet_crm', 3306, '', 0)
#1 C:\laragon\www\crm\system\Database\BaseConnection.php(391): CodeIgniter\Database\MySQLi\Connection->connect(false)
#2 C:\laragon\www\crm\system\Database\BaseConnection.php(574): CodeIgniter\Database\BaseConnection->initialize()
#3 C:\laragon\www\crm\app\Models\Crud_model.php(28): CodeIgniter\Database\BaseConnection->query('SET sql_mode = ...')
#4 C:\laragon\www\crm\app\Models\Settings_model.php(11): App\Models\Crud_model->__construct('settings')
#5 C:\laragon\www\crm\system\Config\Factories.php(113): App\Models\Settings_model->__construct(NULL)
#6 C:\laragon\www\crm\system\Common.php(825): CodeIgniter\Config\Factories::__callStatic('models', Array)
#7 C:\laragon\www\crm\app\Controllers\App_Controller.php(99): model('App\\Models\\Sett...')
#8 C:\laragon\www\crm\app\Controllers\Security_Controller.php(17): App\Controllers\App_Controller->__construct()
#9 C:\laragon\www\crm\app\Controllers\Dashboard.php(11): App\Controllers\Security_Controller->__construct()
#10 C:\laragon\www\crm\system\CodeIgniter.php(904): App\Controllers\Dashboard->__construct()
#11 C:\laragon\www\crm\system\CodeIgniter.php(488): CodeIgniter\CodeIgniter->createController()
#12 C:\laragon\www\crm\system\CodeIgniter.php(366): CodeIgniter\CodeIgniter->handleRequest(NULL, Object(Config\Cache), false)
#13 C:\laragon\www\crm\index.php(80): CodeIgniter\CodeIgniter->run()
#14 {main}

Next CodeIgniter\Database\Exceptions\DatabaseException: Se produjo un error durante el intento de conexión ya que la parte conectada no respondió adecuadamente tras un periodo de tiempo, o bien se produjo un error en la conexión establecida ya que el host conectado no ha podido responder in C:\laragon\www\crm\system\Database\MySQLi\Connection.php:218
Stack trace:
#0 C:\laragon\www\crm\system\Database\BaseConnection.php(391): CodeIgniter\Database\MySQLi\Connection->connect(false)
#1 C:\laragon\www\crm\system\Database\BaseConnection.php(574): CodeIgniter\Database\BaseConnection->initialize()
#2 C:\laragon\www\crm\app\Models\Crud_model.php(28): CodeIgniter\Database\BaseConnection->query('SET sql_mode = ...')
#3 C:\laragon\www\crm\app\Models\Settings_model.php(11): App\Models\Crud_model->__construct('settings')
#4 C:\laragon\www\crm\system\Config\Factories.php(113): App\Models\Settings_model->__construct(NULL)
#5 C:\laragon\www\crm\system\Common.php(825): CodeIgniter\Config\Factories::__callStatic('models', Array)
#6 C:\laragon\www\crm\app\Controllers\App_Controller.php(99): model('App\\Models\\Sett...')
#7 C:\laragon\www\crm\app\Controllers\Security_Controller.php(17): App\Controllers\App_Controller->__construct()
#8 C:\laragon\www\crm\app\Controllers\Dashboard.php(11): App\Controllers\Security_Controller->__construct()
#9 C:\laragon\www\crm\system\CodeIgniter.php(904): App\Controllers\Dashboard->__construct()
#10 C:\laragon\www\crm\system\CodeIgniter.php(488): CodeIgniter\CodeIgniter->createController()
#11 C:\laragon\www\crm\system\CodeIgniter.php(366): CodeIgniter\CodeIgniter->handleRequest(NULL, Object(Config\Cache), false)
#12 C:\laragon\www\crm\index.php(80): CodeIgniter\CodeIgniter->run()
#13 {main}
CRITICAL - 2026-04-08 18:05:45 --> Unable to connect to the database.
Main connection [MySQLi]: Se produjo un error durante el intento de conexión ya que la parte conectada no respondió adecuadamente tras un periodo de tiempo, o bien se produjo un error en la conexión establecida ya que el host conectado no ha podido responder
in SYSTEMPATH\Database\BaseConnection.php on line 427.
 1 SYSTEMPATH\Database\BaseConnection.php(574): CodeIgniter\Database\BaseConnection->initialize()
 2 APPPATH\Models\Crud_model.php(28): CodeIgniter\Database\BaseConnection->query('SET sql_mode = \'\'')
 3 APPPATH\Models\Settings_model.php(11): App\Models\Crud_model->__construct('settings')
 4 SYSTEMPATH\Config\Factories.php(113): App\Models\Settings_model->__construct(null)
 5 SYSTEMPATH\Common.php(825): CodeIgniter\Config\Factories::__callStatic('models', [...])
 6 APPPATH\Controllers\App_Controller.php(99): model('App\\Models\\Settings_model')
 7 APPPATH\Controllers\Security_Controller.php(17): App\Controllers\App_Controller->__construct()
 8 APPPATH\Controllers\Dashboard.php(11): App\Controllers\Security_Controller->__construct()
 9 SYSTEMPATH\CodeIgniter.php(904): App\Controllers\Dashboard->__construct()
10 SYSTEMPATH\CodeIgniter.php(488): CodeIgniter\CodeIgniter->createController()
11 SYSTEMPATH\CodeIgniter.php(366): CodeIgniter\CodeIgniter->handleRequest(null, Object(Config\Cache), false)
12 FCPATH\index.php(80): CodeIgniter\CodeIgniter->run()
ERROR - 2026-04-08 18:09:37 --> Error connecting to the database: mysqli_sql_exception: Se produjo un error durante el intento de conexión ya que la parte conectada no respondió adecuadamente tras un periodo de tiempo, o bien se produjo un error en la conexión establecida ya que el host conectado no ha podido responder in C:\laragon\www\crm\system\Database\MySQLi\Connection.php:173
Stack trace:
#0 C:\laragon\www\crm\system\Database\MySQLi\Connection.php(173): mysqli->real_connect('152.53.192.92', 'nplanet_coke', Object(SensitiveParameterValue), 'nplanet_crm', 3306, '', 0)
#1 C:\laragon\www\crm\system\Database\BaseConnection.php(391): CodeIgniter\Database\MySQLi\Connection->connect(false)
#2 C:\laragon\www\crm\system\Database\BaseConnection.php(574): CodeIgniter\Database\BaseConnection->initialize()
#3 C:\laragon\www\crm\app\Models\Crud_model.php(28): CodeIgniter\Database\BaseConnection->query('SET sql_mode = ...')
#4 C:\laragon\www\crm\app\Models\Settings_model.php(11): App\Models\Crud_model->__construct('settings')
#5 C:\laragon\www\crm\system\Config\Factories.php(113): App\Models\Settings_model->__construct(NULL)
#6 C:\laragon\www\crm\system\Common.php(825): CodeIgniter\Config\Factories::__callStatic('models', Array)
#7 C:\laragon\www\crm\app\Controllers\App_Controller.php(99): model('App\\Models\\Sett...')
#8 C:\laragon\www\crm\app\Controllers\Security_Controller.php(17): App\Controllers\App_Controller->__construct()
#9 C:\laragon\www\crm\app\Controllers\Dashboard.php(11): App\Controllers\Security_Controller->__construct()
#10 C:\laragon\www\crm\system\CodeIgniter.php(904): App\Controllers\Dashboard->__construct()
#11 C:\laragon\www\crm\system\CodeIgniter.php(488): CodeIgniter\CodeIgniter->createController()
#12 C:\laragon\www\crm\system\CodeIgniter.php(366): CodeIgniter\CodeIgniter->handleRequest(NULL, Object(Config\Cache), false)
#13 C:\laragon\www\crm\index.php(80): CodeIgniter\CodeIgniter->run()
#14 {main}

Next CodeIgniter\Database\Exceptions\DatabaseException: Se produjo un error durante el intento de conexión ya que la parte conectada no respondió adecuadamente tras un periodo de tiempo, o bien se produjo un error en la conexión establecida ya que el host conectado no ha podido responder in C:\laragon\www\crm\system\Database\MySQLi\Connection.php:218
Stack trace:
#0 C:\laragon\www\crm\system\Database\BaseConnection.php(391): CodeIgniter\Database\MySQLi\Connection->connect(false)
#1 C:\laragon\www\crm\system\Database\BaseConnection.php(574): CodeIgniter\Database\BaseConnection->initialize()
#2 C:\laragon\www\crm\app\Models\Crud_model.php(28): CodeIgniter\Database\BaseConnection->query('SET sql_mode = ...')
#3 C:\laragon\www\crm\app\Models\Settings_model.php(11): App\Models\Crud_model->__construct('settings')
#4 C:\laragon\www\crm\system\Config\Factories.php(113): App\Models\Settings_model->__construct(NULL)
#5 C:\laragon\www\crm\system\Common.php(825): CodeIgniter\Config\Factories::__callStatic('models', Array)
#6 C:\laragon\www\crm\app\Controllers\App_Controller.php(99): model('App\\Models\\Sett...')
#7 C:\laragon\www\crm\app\Controllers\Security_Controller.php(17): App\Controllers\App_Controller->__construct()
#8 C:\laragon\www\crm\app\Controllers\Dashboard.php(11): App\Controllers\Security_Controller->__construct()
#9 C:\laragon\www\crm\system\CodeIgniter.php(904): App\Controllers\Dashboard->__construct()
#10 C:\laragon\www\crm\system\CodeIgniter.php(488): CodeIgniter\CodeIgniter->createController()
#11 C:\laragon\www\crm\system\CodeIgniter.php(366): CodeIgniter\CodeIgniter->handleRequest(NULL, Object(Config\Cache), false)
#12 C:\laragon\www\crm\index.php(80): CodeIgniter\CodeIgniter->run()
#13 {main}
CRITICAL - 2026-04-08 18:09:37 --> Unable to connect to the database.
Main connection [MySQLi]: Se produjo un error durante el intento de conexión ya que la parte conectada no respondió adecuadamente tras un periodo de tiempo, o bien se produjo un error en la conexión establecida ya que el host conectado no ha podido responder
in SYSTEMPATH\Database\BaseConnection.php on line 427.
 1 SYSTEMPATH\Database\BaseConnection.php(574): CodeIgniter\Database\BaseConnection->initialize()
 2 APPPATH\Models\Crud_model.php(28): CodeIgniter\Database\BaseConnection->query('SET sql_mode = \'\'')
 3 APPPATH\Models\Settings_model.php(11): App\Models\Crud_model->__construct('settings')
 4 SYSTEMPATH\Config\Factories.php(113): App\Models\Settings_model->__construct(null)
 5 SYSTEMPATH\Common.php(825): CodeIgniter\Config\Factories::__callStatic('models', [...])
 6 APPPATH\Controllers\App_Controller.php(99): model('App\\Models\\Settings_model')
 7 APPPATH\Controllers\Security_Controller.php(17): App\Controllers\App_Controller->__construct()
 8 APPPATH\Controllers\Dashboard.php(11): App\Controllers\Security_Controller->__construct()
 9 SYSTEMPATH\CodeIgniter.php(904): App\Controllers\Dashboard->__construct()
10 SYSTEMPATH\CodeIgniter.php(488): CodeIgniter\CodeIgniter->createController()
11 SYSTEMPATH\CodeIgniter.php(366): CodeIgniter\CodeIgniter->handleRequest(null, Object(Config\Cache), false)
12 FCPATH\index.php(80): CodeIgniter\CodeIgniter->run()
ERROR - 2026-04-08 18:09:49 --> Error connecting to the database: mysqli_sql_exception: Se produjo un error durante el intento de conexión ya que la parte conectada no respondió adecuadamente tras un periodo de tiempo, o bien se produjo un error en la conexión establecida ya que el host conectado no ha podido responder in C:\laragon\www\crm\system\Database\MySQLi\Connection.php:173
Stack trace:
#0 C:\laragon\www\crm\system\Database\MySQLi\Connection.php(173): mysqli->real_connect('152.53.192.92', 'nplanet_coke', Object(SensitiveParameterValue), 'nplanet_crm', 3306, '', 0)
#1 C:\laragon\www\crm\system\Database\BaseConnection.php(391): CodeIgniter\Database\MySQLi\Connection->connect(false)
#2 C:\laragon\www\crm\system\Database\BaseConnection.php(574): CodeIgniter\Database\BaseConnection->initialize()
#3 C:\laragon\www\crm\app\Models\Crud_model.php(28): CodeIgniter\Database\BaseConnection->query('SET sql_mode = ...')
#4 C:\laragon\www\crm\app\Models\Settings_model.php(11): App\Models\Crud_model->__construct('settings')
#5 C:\laragon\www\crm\system\Config\Factories.php(113): App\Models\Settings_model->__construct(NULL)
#6 C:\laragon\www\crm\system\Common.php(825): CodeIgniter\Config\Factories::__callStatic('models', Array)
#7 C:\laragon\www\crm\app\Controllers\App_Controller.php(99): model('App\\Models\\Sett...')
#8 C:\laragon\www\crm\app\Controllers\Security_Controller.php(17): App\Controllers\App_Controller->__construct()
#9 C:\laragon\www\crm\app\Controllers\Dashboard.php(11): App\Controllers\Security_Controller->__construct()
#10 C:\laragon\www\crm\system\CodeIgniter.php(904): App\Controllers\Dashboard->__construct()
#11 C:\laragon\www\crm\system\CodeIgniter.php(488): CodeIgniter\CodeIgniter->createController()
#12 C:\laragon\www\crm\system\CodeIgniter.php(366): CodeIgniter\CodeIgniter->handleRequest(NULL, Object(Config\Cache), false)
#13 C:\laragon\www\crm\index.php(80): CodeIgniter\CodeIgniter->run()
#14 {main}

Next CodeIgniter\Database\Exceptions\DatabaseException: Se produjo un error durante el intento de conexión ya que la parte conectada no respondió adecuadamente tras un periodo de tiempo, o bien se produjo un error en la conexión establecida ya que el host conectado no ha podido responder in C:\laragon\www\crm\system\Database\MySQLi\Connection.php:218
Stack trace:
#0 C:\laragon\www\crm\system\Database\BaseConnection.php(391): CodeIgniter\Database\MySQLi\Connection->connect(false)
#1 C:\laragon\www\crm\system\Database\BaseConnection.php(574): CodeIgniter\Database\BaseConnection->initialize()
#2 C:\laragon\www\crm\app\Models\Crud_model.php(28): CodeIgniter\Database\BaseConnection->query('SET sql_mode = ...')
#3 C:\laragon\www\crm\app\Models\Settings_model.php(11): App\Models\Crud_model->__construct('settings')
#4 C:\laragon\www\crm\system\Config\Factories.php(113): App\Models\Settings_model->__construct(NULL)
#5 C:\laragon\www\crm\system\Common.php(825): CodeIgniter\Config\Factories::__callStatic('models', Array)
#6 C:\laragon\www\crm\app\Controllers\App_Controller.php(99): model('App\\Models\\Sett...')
#7 C:\laragon\www\crm\app\Controllers\Security_Controller.php(17): App\Controllers\App_Controller->__construct()
#8 C:\laragon\www\crm\app\Controllers\Dashboard.php(11): App\Controllers\Security_Controller->__construct()
#9 C:\laragon\www\crm\system\CodeIgniter.php(904): App\Controllers\Dashboard->__construct()
#10 C:\laragon\www\crm\system\CodeIgniter.php(488): CodeIgniter\CodeIgniter->createController()
#11 C:\laragon\www\crm\system\CodeIgniter.php(366): CodeIgniter\CodeIgniter->handleRequest(NULL, Object(Config\Cache), false)
#12 C:\laragon\www\crm\index.php(80): CodeIgniter\CodeIgniter->run()
#13 {main}
CRITICAL - 2026-04-08 18:09:49 --> Unable to connect to the database.
Main connection [MySQLi]: Se produjo un error durante el intento de conexión ya que la parte conectada no respondió adecuadamente tras un periodo de tiempo, o bien se produjo un error en la conexión establecida ya que el host conectado no ha podido responder
in SYSTEMPATH\Database\BaseConnection.php on line 427.
 1 SYSTEMPATH\Database\BaseConnection.php(574): CodeIgniter\Database\BaseConnection->initialize()
 2 APPPATH\Models\Crud_model.php(28): CodeIgniter\Database\BaseConnection->query('SET sql_mode = \'\'')
 3 APPPATH\Models\Settings_model.php(11): App\Models\Crud_model->__construct('settings')
 4 SYSTEMPATH\Config\Factories.php(113): App\Models\Settings_model->__construct(null)
 5 SYSTEMPATH\Common.php(825): CodeIgniter\Config\Factories::__callStatic('models', [...])
 6 APPPATH\Controllers\App_Controller.php(99): model('App\\Models\\Settings_model')
 7 APPPATH\Controllers\Security_Controller.php(17): App\Controllers\App_Controller->__construct()
 8 APPPATH\Controllers\Dashboard.php(11): App\Controllers\Security_Controller->__construct()
 9 SYSTEMPATH\CodeIgniter.php(904): App\Controllers\Dashboard->__construct()
10 SYSTEMPATH\CodeIgniter.php(488): CodeIgniter\CodeIgniter->createController()
11 SYSTEMPATH\CodeIgniter.php(366): CodeIgniter\CodeIgniter->handleRequest(null, Object(Config\Cache), false)
12 FCPATH\index.php(80): CodeIgniter\CodeIgniter->run()
ERROR - 2026-04-08 18:10:00 --> Error connecting to the database: mysqli_sql_exception: Se produjo un error durante el intento de conexión ya que la parte conectada no respondió adecuadamente tras un periodo de tiempo, o bien se produjo un error en la conexión establecida ya que el host conectado no ha podido responder in C:\laragon\www\crm\system\Database\MySQLi\Connection.php:173
Stack trace:
#0 C:\laragon\www\crm\system\Database\MySQLi\Connection.php(173): mysqli->real_connect('152.53.192.92', 'nplanet_coke', Object(SensitiveParameterValue), 'nplanet_crm', 3306, '', 0)
#1 C:\laragon\www\crm\system\Database\BaseConnection.php(391): CodeIgniter\Database\MySQLi\Connection->connect(false)
#2 C:\laragon\www\crm\system\Database\BaseConnection.php(574): CodeIgniter\Database\BaseConnection->initialize()
#3 C:\laragon\www\crm\app\Models\Crud_model.php(28): CodeIgniter\Database\BaseConnection->query('SET sql_mode = ...')
#4 C:\laragon\www\crm\app\Models\Settings_model.php(11): App\Models\Crud_model->__construct('settings')
#5 C:\laragon\www\crm\system\Config\Factories.php(113): App\Models\Settings_model->__construct(NULL)
#6 C:\laragon\www\crm\system\Common.php(825): CodeIgniter\Config\Factories::__callStatic('models', Array)
#7 C:\laragon\www\crm\app\Controllers\App_Controller.php(99): model('App\\Models\\Sett...')
#8 C:\laragon\www\crm\app\Controllers\Security_Controller.php(17): App\Controllers\App_Controller->__construct()
#9 C:\laragon\www\crm\app\Controllers\Dashboard.php(11): App\Controllers\Security_Controller->__construct()
#10 C:\laragon\www\crm\system\CodeIgniter.php(904): App\Controllers\Dashboard->__construct()
#11 C:\laragon\www\crm\system\CodeIgniter.php(488): CodeIgniter\CodeIgniter->createController()
#12 C:\laragon\www\crm\system\CodeIgniter.php(366): CodeIgniter\CodeIgniter->handleRequest(NULL, Object(Config\Cache), false)
#13 C:\laragon\www\crm\index.php(80): CodeIgniter\CodeIgniter->run()
#14 {main}

Next CodeIgniter\Database\Exceptions\DatabaseException: Se produjo un error durante el intento de conexión ya que la parte conectada no respondió adecuadamente tras un periodo de tiempo, o bien se produjo un error en la conexión establecida ya que el host conectado no ha podido responder in C:\laragon\www\crm\system\Database\MySQLi\Connection.php:218
Stack trace:
#0 C:\laragon\www\crm\system\Database\BaseConnection.php(391): CodeIgniter\Database\MySQLi\Connection->connect(false)
#1 C:\laragon\www\crm\system\Database\BaseConnection.php(574): CodeIgniter\Database\BaseConnection->initialize()
#2 C:\laragon\www\crm\app\Models\Crud_model.php(28): CodeIgniter\Database\BaseConnection->query('SET sql_mode = ...')
#3 C:\laragon\www\crm\app\Models\Settings_model.php(11): App\Models\Crud_model->__construct('settings')
#4 C:\laragon\www\crm\system\Config\Factories.php(113): App\Models\Settings_model->__construct(NULL)
#5 C:\laragon\www\crm\system\Common.php(825): CodeIgniter\Config\Factories::__callStatic('models', Array)
#6 C:\laragon\www\crm\app\Controllers\App_Controller.php(99): model('App\\Models\\Sett...')
#7 C:\laragon\www\crm\app\Controllers\Security_Controller.php(17): App\Controllers\App_Controller->__construct()
#8 C:\laragon\www\crm\app\Controllers\Dashboard.php(11): App\Controllers\Security_Controller->__construct()
#9 C:\laragon\www\crm\system\CodeIgniter.php(904): App\Controllers\Dashboard->__construct()
#10 C:\laragon\www\crm\system\CodeIgniter.php(488): CodeIgniter\CodeIgniter->createController()
#11 C:\laragon\www\crm\system\CodeIgniter.php(366): CodeIgniter\CodeIgniter->handleRequest(NULL, Object(Config\Cache), false)
#12 C:\laragon\www\crm\index.php(80): CodeIgniter\CodeIgniter->run()
#13 {main}
CRITICAL - 2026-04-08 18:10:00 --> Unable to connect to the database.
Main connection [MySQLi]: Se produjo un error durante el intento de conexión ya que la parte conectada no respondió adecuadamente tras un periodo de tiempo, o bien se produjo un error en la conexión establecida ya que el host conectado no ha podido responder
in SYSTEMPATH\Database\BaseConnection.php on line 427.
 1 SYSTEMPATH\Database\BaseConnection.php(574): CodeIgniter\Database\BaseConnection->initialize()
 2 APPPATH\Models\Crud_model.php(28): CodeIgniter\Database\BaseConnection->query('SET sql_mode = \'\'')
 3 APPPATH\Models\Settings_model.php(11): App\Models\Crud_model->__construct('settings')
 4 SYSTEMPATH\Config\Factories.php(113): App\Models\Settings_model->__construct(null)
 5 SYSTEMPATH\Common.php(825): CodeIgniter\Config\Factories::__callStatic('models', [...])
 6 APPPATH\Controllers\App_Controller.php(99): model('App\\Models\\Settings_model')
 7 APPPATH\Controllers\Security_Controller.php(17): App\Controllers\App_Controller->__construct()
 8 APPPATH\Controllers\Dashboard.php(11): App\Controllers\Security_Controller->__construct()
 9 SYSTEMPATH\CodeIgniter.php(904): App\Controllers\Dashboard->__construct()
10 SYSTEMPATH\CodeIgniter.php(488): CodeIgniter\CodeIgniter->createController()
11 SYSTEMPATH\CodeIgniter.php(366): CodeIgniter\CodeIgniter->handleRequest(null, Object(Config\Cache), false)
12 FCPATH\index.php(80): CodeIgniter\CodeIgniter->run()
ERROR - 2026-04-08 18:10:11 --> Error connecting to the database: mysqli_sql_exception: Se produjo un error durante el intento de conexión ya que la parte conectada no respondió adecuadamente tras un periodo de tiempo, o bien se produjo un error en la conexión establecida ya que el host conectado no ha podido responder in C:\laragon\www\crm\system\Database\MySQLi\Connection.php:173
Stack trace:
#0 C:\laragon\www\crm\system\Database\MySQLi\Connection.php(173): mysqli->real_connect('152.53.192.92', 'nplanet_coke', Object(SensitiveParameterValue), 'nplanet_crm', 3306, '', 0)
#1 C:\laragon\www\crm\system\Database\BaseConnection.php(391): CodeIgniter\Database\MySQLi\Connection->connect(false)
#2 C:\laragon\www\crm\system\Database\BaseConnection.php(574): CodeIgniter\Database\BaseConnection->initialize()
#3 C:\laragon\www\crm\app\Models\Crud_model.php(28): CodeIgniter\Database\BaseConnection->query('SET sql_mode = ...')
#4 C:\laragon\www\crm\app\Models\Settings_model.php(11): App\Models\Crud_model->__construct('settings')
#5 C:\laragon\www\crm\system\Config\Factories.php(113): App\Models\Settings_model->__construct(NULL)
#6 C:\laragon\www\crm\system\Common.php(825): CodeIgniter\Config\Factories::__callStatic('models', Array)
#7 C:\laragon\www\crm\app\Controllers\App_Controller.php(99): model('App\\Models\\Sett...')
#8 C:\laragon\www\crm\app\Controllers\Security_Controller.php(17): App\Controllers\App_Controller->__construct()
#9 C:\laragon\www\crm\app\Controllers\Dashboard.php(11): App\Controllers\Security_Controller->__construct()
#10 C:\laragon\www\crm\system\CodeIgniter.php(904): App\Controllers\Dashboard->__construct()
#11 C:\laragon\www\crm\system\CodeIgniter.php(488): CodeIgniter\CodeIgniter->createController()
#12 C:\laragon\www\crm\system\CodeIgniter.php(366): CodeIgniter\CodeIgniter->handleRequest(NULL, Object(Config\Cache), false)
#13 C:\laragon\www\crm\index.php(80): CodeIgniter\CodeIgniter->run()
#14 {main}

Next CodeIgniter\Database\Exceptions\DatabaseException: Se produjo un error durante el intento de conexión ya que la parte conectada no respondió adecuadamente tras un periodo de tiempo, o bien se produjo un error en la conexión establecida ya que el host conectado no ha podido responder in C:\laragon\www\crm\system\Database\MySQLi\Connection.php:218
Stack trace:
#0 C:\laragon\www\crm\system\Database\BaseConnection.php(391): CodeIgniter\Database\MySQLi\Connection->connect(false)
#1 C:\laragon\www\crm\system\Database\BaseConnection.php(574): CodeIgniter\Database\BaseConnection->initialize()
#2 C:\laragon\www\crm\app\Models\Crud_model.php(28): CodeIgniter\Database\BaseConnection->query('SET sql_mode = ...')
#3 C:\laragon\www\crm\app\Models\Settings_model.php(11): App\Models\Crud_model->__construct('settings')
#4 C:\laragon\www\crm\system\Config\Factories.php(113): App\Models\Settings_model->__construct(NULL)
#5 C:\laragon\www\crm\system\Common.php(825): CodeIgniter\Config\Factories::__callStatic('models', Array)
#6 C:\laragon\www\crm\app\Controllers\App_Controller.php(99): model('App\\Models\\Sett...')
#7 C:\laragon\www\crm\app\Controllers\Security_Controller.php(17): App\Controllers\App_Controller->__construct()
#8 C:\laragon\www\crm\app\Controllers\Dashboard.php(11): App\Controllers\Security_Controller->__construct()
#9 C:\laragon\www\crm\system\CodeIgniter.php(904): App\Controllers\Dashboard->__construct()
#10 C:\laragon\www\crm\system\CodeIgniter.php(488): CodeIgniter\CodeIgniter->createController()
#11 C:\laragon\www\crm\system\CodeIgniter.php(366): CodeIgniter\CodeIgniter->handleRequest(NULL, Object(Config\Cache), false)
#12 C:\laragon\www\crm\index.php(80): CodeIgniter\CodeIgniter->run()
#13 {main}
CRITICAL - 2026-04-08 18:10:11 --> Unable to connect to the database.
Main connection [MySQLi]: Se produjo un error durante el intento de conexión ya que la parte conectada no respondió adecuadamente tras un periodo de tiempo, o bien se produjo un error en la conexión establecida ya que el host conectado no ha podido responder
in SYSTEMPATH\Database\BaseConnection.php on line 427.
 1 SYSTEMPATH\Database\BaseConnection.php(574): CodeIgniter\Database\BaseConnection->initialize()
 2 APPPATH\Models\Crud_model.php(28): CodeIgniter\Database\BaseConnection->query('SET sql_mode = \'\'')
 3 APPPATH\Models\Settings_model.php(11): App\Models\Crud_model->__construct('settings')
 4 SYSTEMPATH\Config\Factories.php(113): App\Models\Settings_model->__construct(null)
 5 SYSTEMPATH\Common.php(825): CodeIgniter\Config\Factories::__callStatic('models', [...])
 6 APPPATH\Controllers\App_Controller.php(99): model('App\\Models\\Settings_model')
 7 APPPATH\Controllers\Security_Controller.php(17): App\Controllers\App_Controller->__construct()
 8 APPPATH\Controllers\Dashboard.php(11): App\Controllers\Security_Controller->__construct()
 9 SYSTEMPATH\CodeIgniter.php(904): App\Controllers\Dashboard->__construct()
10 SYSTEMPATH\CodeIgniter.php(488): CodeIgniter\CodeIgniter->createController()
11 SYSTEMPATH\CodeIgniter.php(366): CodeIgniter\CodeIgniter->handleRequest(null, Object(Config\Cache), false)
12 FCPATH\index.php(80): CodeIgniter\CodeIgniter->run()
ERROR - 2026-04-08 18:13:03 --> Error connecting to the database: mysqli_sql_exception: Se produjo un error durante el intento de conexión ya que la parte conectada no respondió adecuadamente tras un periodo de tiempo, o bien se produjo un error en la conexión establecida ya que el host conectado no ha podido responder in C:\laragon\www\crm\system\Database\MySQLi\Connection.php:173
Stack trace:
#0 C:\laragon\www\crm\system\Database\MySQLi\Connection.php(173): mysqli->real_connect('152.53.192.92', 'nplanet_coke', Object(SensitiveParameterValue), 'nplanet_crm', 3306, '', 0)
#1 C:\laragon\www\crm\system\Database\BaseConnection.php(391): CodeIgniter\Database\MySQLi\Connection->connect(false)
#2 C:\laragon\www\crm\system\Database\BaseConnection.php(574): CodeIgniter\Database\BaseConnection->initialize()
#3 C:\laragon\www\crm\app\Models\Crud_model.php(28): CodeIgniter\Database\BaseConnection->query('SET sql_mode = ...')
#4 C:\laragon\www\crm\app\Models\Settings_model.php(11): App\Models\Crud_model->__construct('settings')
#5 C:\laragon\www\crm\system\Config\Factories.php(113): App\Models\Settings_model->__construct(NULL)
#6 C:\laragon\www\crm\system\Common.php(825): CodeIgniter\Config\Factories::__callStatic('models', Array)
#7 C:\laragon\www\crm\app\Controllers\App_Controller.php(99): model('App\\Models\\Sett...')
#8 C:\laragon\www\crm\app\Controllers\Security_Controller.php(17): App\Controllers\App_Controller->__construct()
#9 C:\laragon\www\crm\app\Controllers\Dashboard.php(11): App\Controllers\Security_Controller->__construct()
#10 C:\laragon\www\crm\system\CodeIgniter.php(904): App\Controllers\Dashboard->__construct()
#11 C:\laragon\www\crm\system\CodeIgniter.php(488): CodeIgniter\CodeIgniter->createController()
#12 C:\laragon\www\crm\system\CodeIgniter.php(366): CodeIgniter\CodeIgniter->handleRequest(NULL, Object(Config\Cache), false)
#13 C:\laragon\www\crm\index.php(80): CodeIgniter\CodeIgniter->run()
#14 {main}

Next CodeIgniter\Database\Exceptions\DatabaseException: Se produjo un error durante el intento de conexión ya que la parte conectada no respondió adecuadamente tras un periodo de tiempo, o bien se produjo un error en la conexión establecida ya que el host conectado no ha podido responder in C:\laragon\www\crm\system\Database\MySQLi\Connection.php:218
Stack trace:
#0 C:\laragon\www\crm\system\Database\BaseConnection.php(391): CodeIgniter\Database\MySQLi\Connection->connect(false)
#1 C:\laragon\www\crm\system\Database\BaseConnection.php(574): CodeIgniter\Database\BaseConnection->initialize()
#2 C:\laragon\www\crm\app\Models\Crud_model.php(28): CodeIgniter\Database\BaseConnection->query('SET sql_mode = ...')
#3 C:\laragon\www\crm\app\Models\Settings_model.php(11): App\Models\Crud_model->__construct('settings')
#4 C:\laragon\www\crm\system\Config\Factories.php(113): App\Models\Settings_model->__construct(NULL)
#5 C:\laragon\www\crm\system\Common.php(825): CodeIgniter\Config\Factories::__callStatic('models', Array)
#6 C:\laragon\www\crm\app\Controllers\App_Controller.php(99): model('App\\Models\\Sett...')
#7 C:\laragon\www\crm\app\Controllers\Security_Controller.php(17): App\Controllers\App_Controller->__construct()
#8 C:\laragon\www\crm\app\Controllers\Dashboard.php(11): App\Controllers\Security_Controller->__construct()
#9 C:\laragon\www\crm\system\CodeIgniter.php(904): App\Controllers\Dashboard->__construct()
#10 C:\laragon\www\crm\system\CodeIgniter.php(488): CodeIgniter\CodeIgniter->createController()
#11 C:\laragon\www\crm\system\CodeIgniter.php(366): CodeIgniter\CodeIgniter->handleRequest(NULL, Object(Config\Cache), false)
#12 C:\laragon\www\crm\index.php(80): CodeIgniter\CodeIgniter->run()
#13 {main}
CRITICAL - 2026-04-08 18:13:03 --> Unable to connect to the database.
Main connection [MySQLi]: Se produjo un error durante el intento de conexión ya que la parte conectada no respondió adecuadamente tras un periodo de tiempo, o bien se produjo un error en la conexión establecida ya que el host conectado no ha podido responder
in SYSTEMPATH\Database\BaseConnection.php on line 427.
 1 SYSTEMPATH\Database\BaseConnection.php(574): CodeIgniter\Database\BaseConnection->initialize()
 2 APPPATH\Models\Crud_model.php(28): CodeIgniter\Database\BaseConnection->query('SET sql_mode = \'\'')
 3 APPPATH\Models\Settings_model.php(11): App\Models\Crud_model->__construct('settings')
 4 SYSTEMPATH\Config\Factories.php(113): App\Models\Settings_model->__construct(null)
 5 SYSTEMPATH\Common.php(825): CodeIgniter\Config\Factories::__callStatic('models', [...])
 6 APPPATH\Controllers\App_Controller.php(99): model('App\\Models\\Settings_model')
 7 APPPATH\Controllers\Security_Controller.php(17): App\Controllers\App_Controller->__construct()
 8 APPPATH\Controllers\Dashboard.php(11): App\Controllers\Security_Controller->__construct()
 9 SYSTEMPATH\CodeIgniter.php(904): App\Controllers\Dashboard->__construct()
10 SYSTEMPATH\CodeIgniter.php(488): CodeIgniter\CodeIgniter->createController()
11 SYSTEMPATH\CodeIgniter.php(366): CodeIgniter\CodeIgniter->handleRequest(null, Object(Config\Cache), false)
12 FCPATH\index.php(80): CodeIgniter\CodeIgniter->run()
ERROR - 2026-04-08 18:13:55 --> Error connecting to the database: mysqli_sql_exception: Se produjo un error durante el intento de conexión ya que la parte conectada no respondió adecuadamente tras un periodo de tiempo, o bien se produjo un error en la conexión establecida ya que el host conectado no ha podido responder in C:\laragon\www\crm\system\Database\MySQLi\Connection.php:173
Stack trace:
#0 C:\laragon\www\crm\system\Database\MySQLi\Connection.php(173): mysqli->real_connect('152.53.192.92', 'nplanet_coke', Object(SensitiveParameterValue), 'nplanet_crm', 3306, '', 0)
#1 C:\laragon\www\crm\system\Database\BaseConnection.php(391): CodeIgniter\Database\MySQLi\Connection->connect(false)
#2 C:\laragon\www\crm\system\Database\BaseConnection.php(574): CodeIgniter\Database\BaseConnection->initialize()
#3 C:\laragon\www\crm\app\Models\Crud_model.php(28): CodeIgniter\Database\BaseConnection->query('SET sql_mode = ...')
#4 C:\laragon\www\crm\app\Models\Settings_model.php(11): App\Models\Crud_model->__construct('settings')
#5 C:\laragon\www\crm\system\Config\Factories.php(113): App\Models\Settings_model->__construct(NULL)
#6 C:\laragon\www\crm\system\Common.php(825): CodeIgniter\Config\Factories::__callStatic('models', Array)
#7 C:\laragon\www\crm\app\Controllers\App_Controller.php(99): model('App\\Models\\Sett...')
#8 C:\laragon\www\crm\app\Controllers\Security_Controller.php(17): App\Controllers\App_Controller->__construct()
#9 C:\laragon\www\crm\app\Controllers\Dashboard.php(11): App\Controllers\Security_Controller->__construct()
#10 C:\laragon\www\crm\system\CodeIgniter.php(904): App\Controllers\Dashboard->__construct()
#11 C:\laragon\www\crm\system\CodeIgniter.php(488): CodeIgniter\CodeIgniter->createController()
#12 C:\laragon\www\crm\system\CodeIgniter.php(366): CodeIgniter\CodeIgniter->handleRequest(NULL, Object(Config\Cache), false)
#13 C:\laragon\www\crm\index.php(80): CodeIgniter\CodeIgniter->run()
#14 {main}

Next CodeIgniter\Database\Exceptions\DatabaseException: Se produjo un error durante el intento de conexión ya que la parte conectada no respondió adecuadamente tras un periodo de tiempo, o bien se produjo un error en la conexión establecida ya que el host conectado no ha podido responder in C:\laragon\www\crm\system\Database\MySQLi\Connection.php:218
Stack trace:
#0 C:\laragon\www\crm\system\Database\BaseConnection.php(391): CodeIgniter\Database\MySQLi\Connection->connect(false)
#1 C:\laragon\www\crm\system\Database\BaseConnection.php(574): CodeIgniter\Database\BaseConnection->initialize()
#2 C:\laragon\www\crm\app\Models\Crud_model.php(28): CodeIgniter\Database\BaseConnection->query('SET sql_mode = ...')
#3 C:\laragon\www\crm\app\Models\Settings_model.php(11): App\Models\Crud_model->__construct('settings')
#4 C:\laragon\www\crm\system\Config\Factories.php(113): App\Models\Settings_model->__construct(NULL)
#5 C:\laragon\www\crm\system\Common.php(825): CodeIgniter\Config\Factories::__callStatic('models', Array)
#6 C:\laragon\www\crm\app\Controllers\App_Controller.php(99): model('App\\Models\\Sett...')
#7 C:\laragon\www\crm\app\Controllers\Security_Controller.php(17): App\Controllers\App_Controller->__construct()
#8 C:\laragon\www\crm\app\Controllers\Dashboard.php(11): App\Controllers\Security_Controller->__construct()
#9 C:\laragon\www\crm\system\CodeIgniter.php(904): App\Controllers\Dashboard->__construct()
#10 C:\laragon\www\crm\system\CodeIgniter.php(488): CodeIgniter\CodeIgniter->createController()
#11 C:\laragon\www\crm\system\CodeIgniter.php(366): CodeIgniter\CodeIgniter->handleRequest(NULL, Object(Config\Cache), false)
#12 C:\laragon\www\crm\index.php(80): CodeIgniter\CodeIgniter->run()
#13 {main}
CRITICAL - 2026-04-08 18:13:55 --> Unable to connect to the database.
Main connection [MySQLi]: Se produjo un error durante el intento de conexión ya que la parte conectada no respondió adecuadamente tras un periodo de tiempo, o bien se produjo un error en la conexión establecida ya que el host conectado no ha podido responder
in SYSTEMPATH\Database\BaseConnection.php on line 427.
 1 SYSTEMPATH\Database\BaseConnection.php(574): CodeIgniter\Database\BaseConnection->initialize()
 2 APPPATH\Models\Crud_model.php(28): CodeIgniter\Database\BaseConnection->query('SET sql_mode = \'\'')
 3 APPPATH\Models\Settings_model.php(11): App\Models\Crud_model->__construct('settings')
 4 SYSTEMPATH\Config\Factories.php(113): App\Models\Settings_model->__construct(null)
 5 SYSTEMPATH\Common.php(825): CodeIgniter\Config\Factories::__callStatic('models', [...])
 6 APPPATH\Controllers\App_Controller.php(99): model('App\\Models\\Settings_model')
 7 APPPATH\Controllers\Security_Controller.php(17): App\Controllers\App_Controller->__construct()
 8 APPPATH\Controllers\Dashboard.php(11): App\Controllers\Security_Controller->__construct()
 9 SYSTEMPATH\CodeIgniter.php(904): App\Controllers\Dashboard->__construct()
10 SYSTEMPATH\CodeIgniter.php(488): CodeIgniter\CodeIgniter->createController()
11 SYSTEMPATH\CodeIgniter.php(366): CodeIgniter\CodeIgniter->handleRequest(null, Object(Config\Cache), false)
12 FCPATH\index.php(80): CodeIgniter\CodeIgniter->run()
ERROR - 2026-04-08 18:13:58 --> Error connecting to the database: mysqli_sql_exception: Se produjo un error durante el intento de conexión ya que la parte conectada no respondió adecuadamente tras un periodo de tiempo, o bien se produjo un error en la conexión establecida ya que el host conectado no ha podido responder in C:\laragon\www\crm\system\Database\MySQLi\Connection.php:173
Stack trace:
#0 C:\laragon\www\crm\system\Database\MySQLi\Connection.php(173): mysqli->real_connect('152.53.192.92', 'nplanet_coke', Object(SensitiveParameterValue), 'nplanet_crm', 3306, '', 0)
#1 C:\laragon\www\crm\system\Database\BaseConnection.php(391): CodeIgniter\Database\MySQLi\Connection->connect(false)
#2 C:\laragon\www\crm\system\Database\BaseConnection.php(574): CodeIgniter\Database\BaseConnection->initialize()
#3 C:\laragon\www\crm\app\Models\Crud_model.php(28): CodeIgniter\Database\BaseConnection->query('SET sql_mode = ...')
#4 C:\laragon\www\crm\app\Models\Settings_model.php(11): App\Models\Crud_model->__construct('settings')
#5 C:\laragon\www\crm\system\Config\Factories.php(113): App\Models\Settings_model->__construct(NULL)
#6 C:\laragon\www\crm\system\Common.php(825): CodeIgniter\Config\Factories::__callStatic('models', Array)
#7 C:\laragon\www\crm\app\Controllers\App_Controller.php(99): model('App\\Models\\Sett...')
#8 C:\laragon\www\crm\app\Controllers\Security_Controller.php(17): App\Controllers\App_Controller->__construct()
#9 C:\laragon\www\crm\app\Controllers\Dashboard.php(11): App\Controllers\Security_Controller->__construct()
#10 C:\laragon\www\crm\system\CodeIgniter.php(904): App\Controllers\Dashboard->__construct()
#11 C:\laragon\www\crm\system\CodeIgniter.php(488): CodeIgniter\CodeIgniter->createController()
#12 C:\laragon\www\crm\system\CodeIgniter.php(366): CodeIgniter\CodeIgniter->handleRequest(NULL, Object(Config\Cache), false)
#13 C:\laragon\www\crm\index.php(80): CodeIgniter\CodeIgniter->run()
#14 {main}

Next CodeIgniter\Database\Exceptions\DatabaseException: Se produjo un error durante el intento de conexión ya que la parte conectada no respondió adecuadamente tras un periodo de tiempo, o bien se produjo un error en la conexión establecida ya que el host conectado no ha podido responder in C:\laragon\www\crm\system\Database\MySQLi\Connection.php:218
Stack trace:
#0 C:\laragon\www\crm\system\Database\BaseConnection.php(391): CodeIgniter\Database\MySQLi\Connection->connect(false)
#1 C:\laragon\www\crm\system\Database\BaseConnection.php(574): CodeIgniter\Database\BaseConnection->initialize()
#2 C:\laragon\www\crm\app\Models\Crud_model.php(28): CodeIgniter\Database\BaseConnection->query('SET sql_mode = ...')
#3 C:\laragon\www\crm\app\Models\Settings_model.php(11): App\Models\Crud_model->__construct('settings')
#4 C:\laragon\www\crm\system\Config\Factories.php(113): App\Models\Settings_model->__construct(NULL)
#5 C:\laragon\www\crm\system\Common.php(825): CodeIgniter\Config\Factories::__callStatic('models', Array)
#6 C:\laragon\www\crm\app\Controllers\App_Controller.php(99): model('App\\Models\\Sett...')
#7 C:\laragon\www\crm\app\Controllers\Security_Controller.php(17): App\Controllers\App_Controller->__construct()
#8 C:\laragon\www\crm\app\Controllers\Dashboard.php(11): App\Controllers\Security_Controller->__construct()
#9 C:\laragon\www\crm\system\CodeIgniter.php(904): App\Controllers\Dashboard->__construct()
#10 C:\laragon\www\crm\system\CodeIgniter.php(488): CodeIgniter\CodeIgniter->createController()
#11 C:\laragon\www\crm\system\CodeIgniter.php(366): CodeIgniter\CodeIgniter->handleRequest(NULL, Object(Config\Cache), false)
#12 C:\laragon\www\crm\index.php(80): CodeIgniter\CodeIgniter->run()
#13 {main}
CRITICAL - 2026-04-08 18:13:58 --> Unable to connect to the database.
Main connection [MySQLi]: Se produjo un error durante el intento de conexión ya que la parte conectada no respondió adecuadamente tras un periodo de tiempo, o bien se produjo un error en la conexión establecida ya que el host conectado no ha podido responder
in SYSTEMPATH\Database\BaseConnection.php on line 427.
 1 SYSTEMPATH\Database\BaseConnection.php(574): CodeIgniter\Database\BaseConnection->initialize()
 2 APPPATH\Models\Crud_model.php(28): CodeIgniter\Database\BaseConnection->query('SET sql_mode = \'\'')
 3 APPPATH\Models\Settings_model.php(11): App\Models\Crud_model->__construct('settings')
 4 SYSTEMPATH\Config\Factories.php(113): App\Models\Settings_model->__construct(null)
 5 SYSTEMPATH\Common.php(825): CodeIgniter\Config\Factories::__callStatic('models', [...])
 6 APPPATH\Controllers\App_Controller.php(99): model('App\\Models\\Settings_model')
 7 APPPATH\Controllers\Security_Controller.php(17): App\Controllers\App_Controller->__construct()
 8 APPPATH\Controllers\Dashboard.php(11): App\Controllers\Security_Controller->__construct()
 9 SYSTEMPATH\CodeIgniter.php(904): App\Controllers\Dashboard->__construct()
10 SYSTEMPATH\CodeIgniter.php(488): CodeIgniter\CodeIgniter->createController()
11 SYSTEMPATH\CodeIgniter.php(366): CodeIgniter\CodeIgniter->handleRequest(null, Object(Config\Cache), false)
12 FCPATH\index.php(80): CodeIgniter\CodeIgniter->run()
ERROR - 2026-04-08 18:15:30 --> Error connecting to the database: mysqli_sql_exception: Se produjo un error durante el intento de conexión ya que la parte conectada no respondió adecuadamente tras un periodo de tiempo, o bien se produjo un error en la conexión establecida ya que el host conectado no ha podido responder in C:\laragon\www\crm\system\Database\MySQLi\Connection.php:173
Stack trace:
#0 C:\laragon\www\crm\system\Database\MySQLi\Connection.php(173): mysqli->real_connect('152.53.192.92', 'nplanet_coke', Object(SensitiveParameterValue), 'nplanet_crm', 3306, '', 0)
#1 C:\laragon\www\crm\system\Database\BaseConnection.php(391): CodeIgniter\Database\MySQLi\Connection->connect(false)
#2 C:\laragon\www\crm\system\Database\BaseConnection.php(574): CodeIgniter\Database\BaseConnection->initialize()
#3 C:\laragon\www\crm\app\Models\Crud_model.php(28): CodeIgniter\Database\BaseConnection->query('SET sql_mode = ...')
#4 C:\laragon\www\crm\app\Models\Settings_model.php(11): App\Models\Crud_model->__construct('settings')
#5 C:\laragon\www\crm\system\Config\Factories.php(113): App\Models\Settings_model->__construct(NULL)
#6 C:\laragon\www\crm\system\Common.php(825): CodeIgniter\Config\Factories::__callStatic('models', Array)
#7 C:\laragon\www\crm\app\Controllers\App_Controller.php(99): model('App\\Models\\Sett...')
#8 C:\laragon\www\crm\app\Controllers\Security_Controller.php(17): App\Controllers\App_Controller->__construct()
#9 C:\laragon\www\crm\app\Controllers\Dashboard.php(11): App\Controllers\Security_Controller->__construct()
#10 C:\laragon\www\crm\system\CodeIgniter.php(904): App\Controllers\Dashboard->__construct()
#11 C:\laragon\www\crm\system\CodeIgniter.php(488): CodeIgniter\CodeIgniter->createController()
#12 C:\laragon\www\crm\system\CodeIgniter.php(366): CodeIgniter\CodeIgniter->handleRequest(NULL, Object(Config\Cache), false)
#13 C:\laragon\www\crm\index.php(80): CodeIgniter\CodeIgniter->run()
#14 {main}

Next CodeIgniter\Database\Exceptions\DatabaseException: Se produjo un error durante el intento de conexión ya que la parte conectada no respondió adecuadamente tras un periodo de tiempo, o bien se produjo un error en la conexión establecida ya que el host conectado no ha podido responder in C:\laragon\www\crm\system\Database\MySQLi\Connection.php:218
Stack trace:
#0 C:\laragon\www\crm\system\Database\BaseConnection.php(391): CodeIgniter\Database\MySQLi\Connection->connect(false)
#1 C:\laragon\www\crm\system\Database\BaseConnection.php(574): CodeIgniter\Database\BaseConnection->initialize()
#2 C:\laragon\www\crm\app\Models\Crud_model.php(28): CodeIgniter\Database\BaseConnection->query('SET sql_mode = ...')
#3 C:\laragon\www\crm\app\Models\Settings_model.php(11): App\Models\Crud_model->__construct('settings')
#4 C:\laragon\www\crm\system\Config\Factories.php(113): App\Models\Settings_model->__construct(NULL)
#5 C:\laragon\www\crm\system\Common.php(825): CodeIgniter\Config\Factories::__callStatic('models', Array)
#6 C:\laragon\www\crm\app\Controllers\App_Controller.php(99): model('App\\Models\\Sett...')
#7 C:\laragon\www\crm\app\Controllers\Security_Controller.php(17): App\Controllers\App_Controller->__construct()
#8 C:\laragon\www\crm\app\Controllers\Dashboard.php(11): App\Controllers\Security_Controller->__construct()
#9 C:\laragon\www\crm\system\CodeIgniter.php(904): App\Controllers\Dashboard->__construct()
#10 C:\laragon\www\crm\system\CodeIgniter.php(488): CodeIgniter\CodeIgniter->createController()
#11 C:\laragon\www\crm\system\CodeIgniter.php(366): CodeIgniter\CodeIgniter->handleRequest(NULL, Object(Config\Cache), false)
#12 C:\laragon\www\crm\index.php(80): CodeIgniter\CodeIgniter->run()
#13 {main}
CRITICAL - 2026-04-08 18:15:30 --> Unable to connect to the database.
Main connection [MySQLi]: Se produjo un error durante el intento de conexión ya que la parte conectada no respondió adecuadamente tras un periodo de tiempo, o bien se produjo un error en la conexión establecida ya que el host conectado no ha podido responder
in SYSTEMPATH\Database\BaseConnection.php on line 427.
 1 SYSTEMPATH\Database\BaseConnection.php(574): CodeIgniter\Database\BaseConnection->initialize()
 2 APPPATH\Models\Crud_model.php(28): CodeIgniter\Database\BaseConnection->query('SET sql_mode = \'\'')
 3 APPPATH\Models\Settings_model.php(11): App\Models\Crud_model->__construct('settings')
 4 SYSTEMPATH\Config\Factories.php(113): App\Models\Settings_model->__construct(null)
 5 SYSTEMPATH\Common.php(825): CodeIgniter\Config\Factories::__callStatic('models', [...])
 6 APPPATH\Controllers\App_Controller.php(99): model('App\\Models\\Settings_model')
 7 APPPATH\Controllers\Security_Controller.php(17): App\Controllers\App_Controller->__construct()
 8 APPPATH\Controllers\Dashboard.php(11): App\Controllers\Security_Controller->__construct()
 9 SYSTEMPATH\CodeIgniter.php(904): App\Controllers\Dashboard->__construct()
10 SYSTEMPATH\CodeIgniter.php(488): CodeIgniter\CodeIgniter->createController()
11 SYSTEMPATH\CodeIgniter.php(366): CodeIgniter\CodeIgniter->handleRequest(null, Object(Config\Cache), false)
12 FCPATH\index.php(80): CodeIgniter\CodeIgniter->run()
ERROR - 2026-04-08 19:18:22 --> Error connecting to the database: mysqli_sql_exception: Se produjo un error durante el intento de conexión ya que la parte conectada no respondió adecuadamente tras un periodo de tiempo, o bien se produjo un error en la conexión establecida ya que el host conectado no ha podido responder in C:\laragon\www\crm\system\Database\MySQLi\Connection.php:173
Stack trace:
#0 C:\laragon\www\crm\system\Database\MySQLi\Connection.php(173): mysqli->real_connect('152.53.192.92', 'nplanet_coke', Object(SensitiveParameterValue), 'nplanet_crm', 3306, '', 0)
#1 C:\laragon\www\crm\system\Database\BaseConnection.php(391): CodeIgniter\Database\MySQLi\Connection->connect(false)
#2 C:\laragon\www\crm\system\Database\BaseConnection.php(574): CodeIgniter\Database\BaseConnection->initialize()
#3 C:\laragon\www\crm\app\Models\Crud_model.php(28): CodeIgniter\Database\BaseConnection->query('SET sql_mode = ...')
#4 C:\laragon\www\crm\app\Models\Settings_model.php(11): App\Models\Crud_model->__construct('settings')
#5 C:\laragon\www\crm\system\Config\Factories.php(113): App\Models\Settings_model->__construct(NULL)
#6 C:\laragon\www\crm\system\Common.php(825): CodeIgniter\Config\Factories::__callStatic('models', Array)
#7 C:\laragon\www\crm\app\Controllers\App_Controller.php(99): model('App\\Models\\Sett...')
#8 C:\laragon\www\crm\app\Controllers\Security_Controller.php(17): App\Controllers\App_Controller->__construct()
#9 C:\laragon\www\crm\app\Controllers\Dashboard.php(11): App\Controllers\Security_Controller->__construct()
#10 C:\laragon\www\crm\system\CodeIgniter.php(904): App\Controllers\Dashboard->__construct()
#11 C:\laragon\www\crm\system\CodeIgniter.php(488): CodeIgniter\CodeIgniter->createController()
#12 C:\laragon\www\crm\system\CodeIgniter.php(366): CodeIgniter\CodeIgniter->handleRequest(NULL, Object(Config\Cache), false)
#13 C:\laragon\www\crm\index.php(80): CodeIgniter\CodeIgniter->run()
#14 {main}

Next CodeIgniter\Database\Exceptions\DatabaseException: Se produjo un error durante el intento de conexión ya que la parte conectada no respondió adecuadamente tras un periodo de tiempo, o bien se produjo un error en la conexión establecida ya que el host conectado no ha podido responder in C:\laragon\www\crm\system\Database\MySQLi\Connection.php:218
Stack trace:
#0 C:\laragon\www\crm\system\Database\BaseConnection.php(391): CodeIgniter\Database\MySQLi\Connection->connect(false)
#1 C:\laragon\www\crm\system\Database\BaseConnection.php(574): CodeIgniter\Database\BaseConnection->initialize()
#2 C:\laragon\www\crm\app\Models\Crud_model.php(28): CodeIgniter\Database\BaseConnection->query('SET sql_mode = ...')
#3 C:\laragon\www\crm\app\Models\Settings_model.php(11): App\Models\Crud_model->__construct('settings')
#4 C:\laragon\www\crm\system\Config\Factories.php(113): App\Models\Settings_model->__construct(NULL)
#5 C:\laragon\www\crm\system\Common.php(825): CodeIgniter\Config\Factories::__callStatic('models', Array)
#6 C:\laragon\www\crm\app\Controllers\App_Controller.php(99): model('App\\Models\\Sett...')
#7 C:\laragon\www\crm\app\Controllers\Security_Controller.php(17): App\Controllers\App_Controller->__construct()
#8 C:\laragon\www\crm\app\Controllers\Dashboard.php(11): App\Controllers\Security_Controller->__construct()
#9 C:\laragon\www\crm\system\CodeIgniter.php(904): App\Controllers\Dashboard->__construct()
#10 C:\laragon\www\crm\system\CodeIgniter.php(488): CodeIgniter\CodeIgniter->createController()
#11 C:\laragon\www\crm\system\CodeIgniter.php(366): CodeIgniter\CodeIgniter->handleRequest(NULL, Object(Config\Cache), false)
#12 C:\laragon\www\crm\index.php(80): CodeIgniter\CodeIgniter->run()
#13 {main}
CRITICAL - 2026-04-08 19:18:22 --> Unable to connect to the database.
Main connection [MySQLi]: Se produjo un error durante el intento de conexión ya que la parte conectada no respondió adecuadamente tras un periodo de tiempo, o bien se produjo un error en la conexión establecida ya que el host conectado no ha podido responder
in SYSTEMPATH\Database\BaseConnection.php on line 427.
 1 SYSTEMPATH\Database\BaseConnection.php(574): CodeIgniter\Database\BaseConnection->initialize()
 2 APPPATH\Models\Crud_model.php(28): CodeIgniter\Database\BaseConnection->query('SET sql_mode = \'\'')
 3 APPPATH\Models\Settings_model.php(11): App\Models\Crud_model->__construct('settings')
 4 SYSTEMPATH\Config\Factories.php(113): App\Models\Settings_model->__construct(null)
 5 SYSTEMPATH\Common.php(825): CodeIgniter\Config\Factories::__callStatic('models', [...])
 6 APPPATH\Controllers\App_Controller.php(99): model('App\\Models\\Settings_model')
 7 APPPATH\Controllers\Security_Controller.php(17): App\Controllers\App_Controller->__construct()
 8 APPPATH\Controllers\Dashboard.php(11): App\Controllers\Security_Controller->__construct()
 9 SYSTEMPATH\CodeIgniter.php(904): App\Controllers\Dashboard->__construct()
10 SYSTEMPATH\CodeIgniter.php(488): CodeIgniter\CodeIgniter->createController()
11 SYSTEMPATH\CodeIgniter.php(366): CodeIgniter\CodeIgniter->handleRequest(null, Object(Config\Cache), false)
12 FCPATH\index.php(80): CodeIgniter\CodeIgniter->run()
ERROR - 2026-04-08 19:18:35 --> Error connecting to the database: mysqli_sql_exception: Se produjo un error durante el intento de conexión ya que la parte conectada no respondió adecuadamente tras un periodo de tiempo, o bien se produjo un error en la conexión establecida ya que el host conectado no ha podido responder in C:\laragon\www\crm\system\Database\MySQLi\Connection.php:173
Stack trace:
#0 C:\laragon\www\crm\system\Database\MySQLi\Connection.php(173): mysqli->real_connect('152.53.192.92', 'nplanet_coke', Object(SensitiveParameterValue), 'nplanet_crm', 3306, '', 0)
#1 C:\laragon\www\crm\system\Database\BaseConnection.php(391): CodeIgniter\Database\MySQLi\Connection->connect(false)
#2 C:\laragon\www\crm\system\Database\BaseConnection.php(574): CodeIgniter\Database\BaseConnection->initialize()
#3 C:\laragon\www\crm\app\Models\Crud_model.php(28): CodeIgniter\Database\BaseConnection->query('SET sql_mode = ...')
#4 C:\laragon\www\crm\app\Models\Settings_model.php(11): App\Models\Crud_model->__construct('settings')
#5 C:\laragon\www\crm\system\Config\Factories.php(113): App\Models\Settings_model->__construct(NULL)
#6 C:\laragon\www\crm\system\Common.php(825): CodeIgniter\Config\Factories::__callStatic('models', Array)
#7 C:\laragon\www\crm\app\Controllers\App_Controller.php(99): model('App\\Models\\Sett...')
#8 C:\laragon\www\crm\app\Controllers\Security_Controller.php(17): App\Controllers\App_Controller->__construct()
#9 C:\laragon\www\crm\app\Controllers\Dashboard.php(11): App\Controllers\Security_Controller->__construct()
#10 C:\laragon\www\crm\system\CodeIgniter.php(904): App\Controllers\Dashboard->__construct()
#11 C:\laragon\www\crm\system\CodeIgniter.php(488): CodeIgniter\CodeIgniter->createController()
#12 C:\laragon\www\crm\system\CodeIgniter.php(366): CodeIgniter\CodeIgniter->handleRequest(NULL, Object(Config\Cache), false)
#13 C:\laragon\www\crm\index.php(80): CodeIgniter\CodeIgniter->run()
#14 {main}

Next CodeIgniter\Database\Exceptions\DatabaseException: Se produjo un error durante el intento de conexión ya que la parte conectada no respondió adecuadamente tras un periodo de tiempo, o bien se produjo un error en la conexión establecida ya que el host conectado no ha podido responder in C:\laragon\www\crm\system\Database\MySQLi\Connection.php:218
Stack trace:
#0 C:\laragon\www\crm\system\Database\BaseConnection.php(391): CodeIgniter\Database\MySQLi\Connection->connect(false)
#1 C:\laragon\www\crm\system\Database\BaseConnection.php(574): CodeIgniter\Database\BaseConnection->initialize()
#2 C:\laragon\www\crm\app\Models\Crud_model.php(28): CodeIgniter\Database\BaseConnection->query('SET sql_mode = ...')
#3 C:\laragon\www\crm\app\Models\Settings_model.php(11): App\Models\Crud_model->__construct('settings')
#4 C:\laragon\www\crm\system\Config\Factories.php(113): App\Models\Settings_model->__construct(NULL)
#5 C:\laragon\www\crm\system\Common.php(825): CodeIgniter\Config\Factories::__callStatic('models', Array)
#6 C:\laragon\www\crm\app\Controllers\App_Controller.php(99): model('App\\Models\\Sett...')
#7 C:\laragon\www\crm\app\Controllers\Security_Controller.php(17): App\Controllers\App_Controller->__construct()
#8 C:\laragon\www\crm\app\Controllers\Dashboard.php(11): App\Controllers\Security_Controller->__construct()
#9 C:\laragon\www\crm\system\CodeIgniter.php(904): App\Controllers\Dashboard->__construct()
#10 C:\laragon\www\crm\system\CodeIgniter.php(488): CodeIgniter\CodeIgniter->createController()
#11 C:\laragon\www\crm\system\CodeIgniter.php(366): CodeIgniter\CodeIgniter->handleRequest(NULL, Object(Config\Cache), false)
#12 C:\laragon\www\crm\index.php(80): CodeIgniter\CodeIgniter->run()
#13 {main}
CRITICAL - 2026-04-08 19:18:35 --> Unable to connect to the database.
Main connection [MySQLi]: Se produjo un error durante el intento de conexión ya que la parte conectada no respondió adecuadamente tras un periodo de tiempo, o bien se produjo un error en la conexión establecida ya que el host conectado no ha podido responder
in SYSTEMPATH\Database\BaseConnection.php on line 427.
 1 SYSTEMPATH\Database\BaseConnection.php(574): CodeIgniter\Database\BaseConnection->initialize()
 2 APPPATH\Models\Crud_model.php(28): CodeIgniter\Database\BaseConnection->query('SET sql_mode = \'\'')
 3 APPPATH\Models\Settings_model.php(11): App\Models\Crud_model->__construct('settings')
 4 SYSTEMPATH\Config\Factories.php(113): App\Models\Settings_model->__construct(null)
 5 SYSTEMPATH\Common.php(825): CodeIgniter\Config\Factories::__callStatic('models', [...])
 6 APPPATH\Controllers\App_Controller.php(99): model('App\\Models\\Settings_model')
 7 APPPATH\Controllers\Security_Controller.php(17): App\Controllers\App_Controller->__construct()
 8 APPPATH\Controllers\Dashboard.php(11): App\Controllers\Security_Controller->__construct()
 9 SYSTEMPATH\CodeIgniter.php(904): App\Controllers\Dashboard->__construct()
10 SYSTEMPATH\CodeIgniter.php(488): CodeIgniter\CodeIgniter->createController()
11 SYSTEMPATH\CodeIgniter.php(366): CodeIgniter\CodeIgniter->handleRequest(null, Object(Config\Cache), false)
12 FCPATH\index.php(80): CodeIgniter\CodeIgniter->run()
